ZipOverbyteIcsV7.bat
7-ZipOverbyteIcsV7.bat
ZipOverbyteIcsV7.lst
IcsMidwareCodingStyle.doc
ReadMe7.txt
Clean.bat
IcsSslHowTo.txt
Default.dof

Delphi\Vc32\OverbyteIcsD7Run.dpk
Delphi\Vc32\OverbyteIcsD7Run.res
Delphi\Vc32\OverbyteIcsD7Design.dpk
Delphi\Vc32\OverbyteIcsD7Design.res

Delphi\Vc32\OverbyteIcsD2006Run.bdsproj
Delphi\Vc32\OverbyteIcsD2006Run.dpk
Delphi\Vc32\OverbyteIcsD2006Run.res
Delphi\Vc32\OverbyteIcsD2006Design.bdsproj
Delphi\Vc32\OverbyteIcsD2006Design.dpk
Delphi\Vc32\OverbyteIcsD2006Design.res

Delphi\Vc32\OverbyteIcsD2007Run.dproj
Delphi\Vc32\OverbyteIcsD2007Run.dpk
Delphi\Vc32\OverbyteIcsD2007Run.res
Delphi\Vc32\OverbyteIcsD2007Design.dproj
Delphi\Vc32\OverbyteIcsD2007Design.dpk
Delphi\Vc32\OverbyteIcsD2007Design.res

Delphi\Vc32\OverbyteIcsD2009Run.dproj
Delphi\Vc32\OverbyteIcsD2009Run.dpk
Delphi\Vc32\OverbyteIcsD2009Run.res
Delphi\Vc32\OverbyteIcsD2009Design.dproj
Delphi\Vc32\OverbyteIcsD2009Design.dpk
Delphi\Vc32\OverbyteIcsD2009Design.res

Delphi\Vc32\OverbyteIcsD2010Run.dproj
Delphi\Vc32\OverbyteIcsD2010Run.dpk
Delphi\Vc32\OverbyteIcsD2010Run.res
Delphi\Vc32\OverbyteIcsD2010Design.dproj
Delphi\Vc32\OverbyteIcsD2010Design.dpk
Delphi\Vc32\OverbyteIcsD2010Design.res

Delphi\Vc32\OverbyteIcsDXeRun.dproj
Delphi\Vc32\OverbyteIcsDXeRun.dpk
Delphi\Vc32\OverbyteIcsDXeRun.res
Delphi\Vc32\OverbyteIcsDXeDesign.dproj
Delphi\Vc32\OverbyteIcsDXeDesign.dpk
Delphi\Vc32\OverbyteIcsDXeDesign.res

Delphi\Vc32\OverbyteIcsDXe2Run.dproj
Delphi\Vc32\OverbyteIcsDXe2Run.dpk
Delphi\Vc32\OverbyteIcsDXe2Run.res
Delphi\Vc32\OverbyteIcsDXe2Design.dproj
Delphi\Vc32\OverbyteIcsDXe2Design.dpk
Delphi\Vc32\OverbyteIcsDXe2Design.res

Delphi\Vc32\OverbyteIcsCB2006Run.bdsproj
Delphi\Vc32\OverbyteIcsCB2006Run.cpp
Delphi\Vc32\OverbyteIcsCB2006Run.res
Delphi\Vc32\OverbyteIcsCB2006Design.bdsproj
Delphi\Vc32\OverbyteIcsCB2006Design.cpp
Delphi\Vc32\OverbyteIcsCB2006Design.res

Delphi\Vc32\OverbyteIcsCB2007Run.cbproj
Delphi\Vc32\OverbyteIcsCB2007Run.cpp
Delphi\Vc32\OverbyteIcsCB2007Run.res
Delphi\Vc32\OverbyteIcsCB2007Design.cbproj
Delphi\Vc32\OverbyteIcsCB2007Design.cpp
Delphi\Vc32\OverbyteIcsCB2007Design.res

Delphi\Vc32\OverbyteIcsCB2009Run.cbproj
Delphi\Vc32\OverbyteIcsCB2009Run.cpp
Delphi\Vc32\OverbyteIcsCB2009Run.res
Delphi\Vc32\OverbyteIcsCB2009Design.cbproj
Delphi\Vc32\OverbyteIcsCB2009Design.cpp
Delphi\Vc32\OverbyteIcsCB2009Design.res

Delphi\Vc32\OverbyteIcsCB2010Run.cbproj
Delphi\Vc32\OverbyteIcsCB2010Run.cpp
Delphi\Vc32\OverbyteIcsCB2010Run.res
Delphi\Vc32\OverbyteIcsCB2010Design.cbproj
Delphi\Vc32\OverbyteIcsCB2010Design.cpp
Delphi\Vc32\OverbyteIcsCB2010Design.res

Delphi\Vc32\OverbyteIcsCBXeRun.cbproj
Delphi\Vc32\OverbyteIcsCBXeRun.cpp
Delphi\Vc32\OverbyteIcsCBXeRun.res
Delphi\Vc32\OverbyteIcsCBXeDesign.cbproj
Delphi\Vc32\OverbyteIcsCBXeDesign.cpp
Delphi\Vc32\OverbyteIcsCBXeDesign.res

Delphi\Vc32\OverbyteIcsCBXe2Run.cbproj
Delphi\Vc32\OverbyteIcsCBXe2Run.cpp
Delphi\Vc32\OverbyteIcsCBXe2Design.cbproj
Delphi\Vc32\OverbyteIcsCBXe2Design.cpp

Delphi\Vc32\OverbyteIcsProductIcon.res
Delphi\Vc32\OverbyteIcsDprUpdFix.pas
Delphi\Vc32\OverbyteIcsCharsetUtils.pas
Delphi\Vc32\OverbyteIcsMultiProgressBar.pas
Delphi\Vc32\OverbyteIcsMultiProgressBar.dcr
Delphi\Vc32\OverbyteIcsMultipartHttpDownloader.pas
Delphi\Vc32\OverbyteIcsMultipartHttpDownloader.dcr
Delphi\Vc32\OverbyteIcsMultipartFtpDownloader.pas
Delphi\Vc32\OverbyteIcsMultipartFtpDownloader.dcr
Delphi\Vc32\OverbyteIcsAvlTrees.pas
Delphi\Vc32\OverbyteIcsCRC.pas
Delphi\Vc32\OverbyteIcsUtils.pas
Delphi\Vc32\OverbyteIcsDefs.inc
Delphi\Vc32\OverbyteIcsDES.pas
Delphi\Vc32\OverbyteIcsDnsQuery.dcr
Delphi\Vc32\OverbyteIcsDnsQuery.pas
Delphi\Vc32\OverbyteIcsEmulVT.dcr
Delphi\Vc32\OverbyteIcsEmulVT.pas
Delphi\Vc32\OverbyteIcsFingCli.dcr
Delphi\Vc32\OverbyteIcsFingCli.pas
Delphi\Vc32\OverbyteIcsFtpCli.dcr
Delphi\Vc32\OverbyteIcsFtpCli.pas
Delphi\Vc32\OverbyteIcsFtpSrv.dcr
Delphi\Vc32\OverbyteIcsFtpSrv.pas
Delphi\Vc32\OverbyteIcsFtpSrvT.pas
Delphi\Vc32\OverbyteIcsHttpCCodZLib.pas
Delphi\Vc32\OverbyteIcsHttpContCod.pas
Delphi\Vc32\OverbyteIcsHttpProt.dcr
Delphi\Vc32\OverbyteIcsHttpProt.pas
Delphi\Vc32\OverbyteIcsHttpSrv.dcr
Delphi\Vc32\OverbyteIcsHttpSrv.pas
Delphi\Vc32\OverbyteIcsIcmp.pas
Delphi\Vc32\OverbyteIcsURL.pas
Delphi\Vc32\OverbyteIcsLibrary.pas
Delphi\Vc32\OverbyteIcsLogger.dcr
Delphi\Vc32\OverbyteIcsLogger.pas
Delphi\Vc32\OverbyteIcsMD4.pas
Delphi\Vc32\OverbyteIcsMD5.pas
Delphi\Vc32\OverbyteIcsMimeUtils.pas
Delphi\Vc32\OverbyteIcsMimeUtils.dcr
Delphi\Vc32\OverbyteIcsMimeDec.pas
Delphi\Vc32\OverbyteIcsMimeDec.dcr
Delphi\Vc32\OverbyteIcsNntpCli.dcr
Delphi\Vc32\OverbyteIcsNntpCli.pas
Delphi\Vc32\OverbyteIcsNtlmMsgs.pas
Delphi\Vc32\OverbyteIcsNtlmSsp.pas
Delphi\Vc32\OverbyteIcsOneTimePw.pas
Delphi\Vc32\OverbyteIcsSspi.pas
Delphi\Vc32\OverbyteIcsPing.dcr
Delphi\Vc32\OverbyteIcsPing.pas
Delphi\Vc32\OverbyteIcsPop3Prot.dcr
Delphi\Vc32\OverbyteIcsPop3Prot.pas
Delphi\Vc32\OverbyteIcsPop3ProtOld.pas
Delphi\Vc32\OverbyteIcsSHA1.pas
Delphi\Vc32\OverbyteIcsSmtpProt.dcr
Delphi\Vc32\OverbyteIcsSmtpProt.pas
Delphi\Vc32\OverbyteIcsStreams.pas
Delphi\Vc32\OverbyteIcsTnCnx.dcr
Delphi\Vc32\OverbyteIcsTnCnx.pas
Delphi\Vc32\OverbyteIcsTnEmulVT.dcr
Delphi\Vc32\OverbyteIcsTnEmulVT.pas
Delphi\Vc32\OverbyteIcsTnOptFrm.dfm
Delphi\Vc32\OverbyteIcsTnOptFrm.pas
Delphi\Vc32\OverbyteIcsTnScript.dcr
Delphi\Vc32\OverbyteIcsTnScript.pas
Delphi\Vc32\OverbyteIcsTypes.pas
Delphi\Vc32\OverbyteIcsWinSock.pas
Delphi\Vc32\OverbyteIcsWinSock2.pas
Delphi\Vc32\OverbyteIcsWndControl.pas
Delphi\Vc32\OverbyteIcsWSockBuf.pas
Delphi\Vc32\OverbyteIcsWSocket.dcr
Delphi\Vc32\OverbyteIcsWSocket.pas
Delphi\Vc32\OverbyteIcsWSocket.TWSocket.bmp
Delphi\Vc32\OverbyteIcsWSocketE.pas
Delphi\Vc32\OverbyteIcsWSocketS.dcr
Delphi\Vc32\OverbyteIcsWSocketS.pas
Delphi\Vc32\OverbyteIcsIniFiles.pas
Delphi\Vc32\OverbyteIcsZlib.inc
Delphi\Vc32\OverbyteIcsZLibDll.pas
Delphi\Vc32\OverbyteIcsZlibHigh.pas
Delphi\Vc32\OverbyteIcsZLibObj.pas
Delphi\Vc32\OverbyteIcsReg.pas
Delphi\vc32\OverbyteIcsLIBEAY.pas
Delphi\vc32\OverbyteIcsLibeayEx.pas
Delphi\vc32\OverbyteIcsSSLEAY.pas
Delphi\vc32\OverbyteIcsSslSessionCache.pas
Delphi\vc32\OverbyteIcsSslSessionCache.dcr
Delphi\vc32\OverbyteIcsSslThrdLock.pas
Delphi\vc32\OverbyteIcsSslThrdLock.dcr
Delphi\vc32\OverbyteIcsSslDefs.inc
Delphi\vc32\OverbyteIcsDigestAuth.pas
Delphi\vc32\OverbyteIcsWebSession.pas
Delphi\vc32\OverbyteIcsTimeList.pas
Delphi\vc32\OverbyteIcsTimeList.dcr
Delphi\vc32\OverbyteIcsFormDataDecoder.pas
Delphi\vc32\OverbyteIcsHttpAppServer.pas
Delphi\vc32\OverbyteIcsHttpAppServer.dcr
Delphi\vc32\OverbyteIcsXpManifest.rc
Delphi\vc32\OverbyteIcsXpManifest.res
Delphi\vc32\OverbyteIcsXp.manifest
Delphi\vc32\OverbyteIcsCharsetComboBox.pas
Delphi\vc32\OverbyteIcsCharsetComboBox.dcr
Delphi\vc32\OverbyteIcsCommonVersion.rc
Delphi\vc32\OverbyteIcsCommonVersion.res
Delphi\vc32\OverbyteIcsThreadTimer.pas
Delphi\vc32\OverbyteIcsSysLogDefs.pas
Delphi\vc32\OverbyteIcsSysLogClient.pas
Delphi\vc32\OverbyteIcsSysLogClient.dcr
Delphi\vc32\OverbyteIcsSysLogServer.pas
Delphi\vc32\OverbyteIcsSysLogServer.dcr
Delphi\vc32\OverbyteIcsConApp.pas
Delphi\vc32\OverbyteIcsWSocketTS.pas
Delphi\vc32\OverbyteIcsWSocketTS.dcr
Delphi\vc32\OverbyteIcsCsc.pas
Delphi\vc32\OverbyteIcsMLang.pas
Delphi\vc32\OverbyteIcsIconv.pas
Delphi\vc32\OverbyteIcsSnmpCli.pas
Delphi\vc32\OverbyteIcsAsn1Utils.pas
Delphi\vc32\OverbyteIcsSnmpMsgs.pas
Delphi\vc32\OverbyteIcsWinnls.pas
Delphi\vc32\OverbyteIcsCookies.pas
Delphi\vc32\OverbyteIcsCookies.dcr

Delphi\vc32\zobj125\adler32.obj
Delphi\vc32\zobj125\compress.obj
Delphi\vc32\zobj125\crc32.obj
Delphi\vc32\zobj125\deflate.obj
Delphi\vc32\zobj125\infback.obj
Delphi\vc32\zobj125\inffast.obj
Delphi\vc32\zobj125\inflate.obj
Delphi\vc32\zobj125\inftrees.obj
Delphi\vc32\zobj125\trees.obj
Delphi\vc32\zobj125\uncompr.obj
Delphi\vc32\zobj125\zutil.obj

Delphi\vc32\zobj125\win64\adler32.obj
Delphi\vc32\zobj125\win64\compress.obj
Delphi\vc32\zobj125\win64\crc32.obj
Delphi\vc32\zobj125\win64\deflate.obj
Delphi\vc32\zobj125\win64\infback.obj
Delphi\vc32\zobj125\win64\inffast.obj
Delphi\vc32\zobj125\win64\inflate.obj
Delphi\vc32\zobj125\win64\inftrees.obj
Delphi\vc32\zobj125\win64\trees.obj
Delphi\vc32\zobj125\win64\uncompr.obj
Delphi\vc32\zobj125\win64\zutil.obj

Install\D7Install.bpg
Install\D2006Install.bdsgroup
Install\D2007Install.groupproj
Install\D2009Install.groupproj
Install\D2010Install.groupproj
Install\DXeInstall.groupproj
Install\DXe2Install.groupproj
Install\CB2006Install.bdsgroup
Install\CB2007Install.groupproj
Install\CB2009Install.groupproj
Install\CB2010Install.groupproj
Install\CBXeInstall.groupproj
Install\CBXe2Install.groupproj

cpp\Internet\OverbyteIcsHttpTst1.cpp
cpp\Internet\OverbyteIcsHttpTst1.dfm
cpp\Internet\OverbyteIcsHttpTst1.h
cpp\Internet\OverbyteIcsHttpsTst1.cpp
cpp\Internet\OverbyteIcsHttpsTst1.dfm
cpp\Internet\OverbyteIcsHttpsTst1.h
cpp\Internet\OverbyteIcsCliCertDlg.cpp
cpp\Internet\OverbyteIcsCliCertDlg.dfm
cpp\Internet\OverbyteIcsCliCertDlg.h
cpp\Internet\OverbyteIcsBasNntp1.cpp
cpp\Internet\OverbyteIcsBasNntp1.dfm
cpp\Internet\OverbyteIcsBasNntp1.h
cpp\Internet\OverbyteIcsCli5.cpp
cpp\Internet\OverbyteIcsCli5.dfm
cpp\Internet\OverbyteIcsCli5.h
cpp\Internet\OverbyteIcsCli7.cpp
cpp\Internet\OverbyteIcsCli7.dfm
cpp\Internet\OverbyteIcsCli7.h
cpp\Internet\OverbyteIcsCliDemo1.cpp
cpp\Internet\OverbyteIcsCliDemo1.dfm
cpp\Internet\OverbyteIcsCliDemo1.h
cpp\Internet\OverbyteIcsDllTst1.cpp
cpp\Internet\OverbyteIcsDllTst1.dfm
cpp\Internet\OverbyteIcsDllTst1.h
cpp\Internet\OverbyteIcsfinger1.cpp
cpp\Internet\OverbyteIcsfinger1.dfm
cpp\Internet\OverbyteIcsfinger1.h
cpp\Internet\OverbyteIcsFormPos.cpp
cpp\Internet\OverbyteIcsFormPos.h
cpp\Internet\OverbyteIcsFtpSrv1.dfm
cpp\Internet\OverbyteIcsFtpSrv1.cpp
cpp\Internet\OverbyteIcsFtpSrv1.h
cpp\Internet\OverbyteIcsFtptst1.dfm
cpp\Internet\OverbyteIcsFtptst1.cpp
cpp\Internet\OverbyteIcsFtptst1.h
cpp\Internet\OverbyteIcsFtptst2.dfm
cpp\Internet\OverbyteIcsFtptst2.cpp
cpp\Internet\OverbyteIcsFtptst2.h
cpp\Internet\OverbyteIcsHttpPg1.dfm
cpp\Internet\OverbyteIcsHttpPg1.cpp
cpp\Internet\OverbyteIcsHttpPg1.h
cpp\Internet\OverbyteIcsMailRcv1.dfm
cpp\Internet\OverbyteIcsMailRcv1.cpp
cpp\Internet\OverbyteIcsMailRcv1.h
cpp\Internet\OverbyteIcsMailRcv2.dfm
cpp\Internet\OverbyteIcsMailRcv2.cpp
cpp\Internet\OverbyteIcsMailRcv2.h
cpp\Internet\OverbyteIcsMailSnd1.dfm
cpp\Internet\OverbyteIcsMailSnd1.cpp
cpp\Internet\OverbyteIcsMailSnd1.h
cpp\Internet\OverbyteIcsMtSrv1.dfm
cpp\Internet\OverbyteIcsMtSrv1.cpp
cpp\Internet\OverbyteIcsMtSrv1.h
cpp\Internet\OverbyteIcsMtSrv2.cpp
cpp\Internet\OverbyteIcsMtSrv2.h
cpp\Internet\OverbyteIcsNewsRdr1.dfm
cpp\Internet\OverbyteIcsNewsRdr1.cpp
cpp\Internet\OverbyteIcsNewsRdr1.h
cpp\Internet\OverbyteIcsNsLook1.dfm
cpp\Internet\OverbyteIcsNsLook1.cpp
cpp\Internet\OverbyteIcsNsLook1.h
cpp\Internet\OverbyteIcsPingTst1.dfm
cpp\Internet\OverbyteIcsPingTst1.cpp
cpp\Internet\OverbyteIcsPingTst1.h
cpp\Internet\OverbyteIcsRecv1.dfm
cpp\Internet\OverbyteIcsRecv1.cpp
cpp\Internet\OverbyteIcsRecv1.h
cpp\Internet\OverbyteIcsReverseDnsSync1.dfm
cpp\Internet\OverbyteIcsReverseDnsSync1.cpp
cpp\Internet\OverbyteIcsReverseDnsSync1.h
cpp\Internet\OverbyteIcsSender1.dfm
cpp\Internet\OverbyteIcsSender1.cpp
cpp\Internet\OverbyteIcsSender1.h
cpp\Internet\OverbyteIcsSocks1.dfm
cpp\Internet\OverbyteIcsSocks1.cpp
cpp\Internet\OverbyteIcsSocks1.h
cpp\Internet\OverbyteIcsSrv5.dfm
cpp\Internet\OverbyteIcsSrv5.cpp
cpp\Internet\OverbyteIcsSrv5.h
cpp\Internet\OverbyteIcsSrvDemo1.dfm
cpp\Internet\OverbyteIcsSrvDemo1.cpp
cpp\Internet\OverbyteIcsSrvDemo1.h
cpp\Internet\OverbyteIcsSrvDemo2.dfm
cpp\Internet\OverbyteIcsSrvDemo2.cpp
cpp\Internet\OverbyteIcsSrvDemo2.h
cpp\Internet\OverbyteIcsTcpSrv1.dfm
cpp\Internet\OverbyteIcsTcpSrv1.cpp
cpp\Internet\OverbyteIcsTcpSrv1.h
cpp\Internet\OverbyteIcsTnCli1.dfm
cpp\Internet\OverbyteIcsTnCli1.cpp
cpp\Internet\OverbyteIcsTnCli1.h
cpp\Internet\OverbyteIcsTnDemo1.dfm
cpp\Internet\OverbyteIcsTnDemo1.cpp
cpp\Internet\OverbyteIcsTnDemo1.h
cpp\Internet\OverbyteIcsTnSrv1.dfm
cpp\Internet\OverbyteIcsTnSrv1.cpp
cpp\Internet\OverbyteIcsTnSrv1.h
cpp\Internet\OverbyteIcsTnSrv2.dfm
cpp\Internet\OverbyteIcsTnSrv2.cpp
cpp\Internet\OverbyteIcsTnSrv2.h
cpp\Internet\OverbyteIcsTwsChat1.dfm
cpp\Internet\OverbyteIcsTwsChat1.cpp
cpp\Internet\OverbyteIcsTwsChat1.h
cpp\Internet\OverbyteIcsUdpLstn1.dfm
cpp\Internet\OverbyteIcsUdpLstn1.cpp
cpp\Internet\OverbyteIcsUdpLstn1.h
cpp\Internet\OverbyteIcsUdpSend1.dfm
cpp\Internet\OverbyteIcsUdpSend1.cpp
cpp\Internet\OverbyteIcsUdpSend1.h
cpp\Internet\OverbyteIcsWebServ1.dfm
cpp\Internet\OverbyteIcsWebServ1.cpp
cpp\Internet\OverbyteIcsWebServ1.h


cpp\Internet\CB2006\OverbyteIcsCB2006Sam.bdsgroup
cpp\Internet\CB2006\OverbyteIcsHttpTst.bdsproj
cpp\Internet\CB2006\OverbyteIcsHttpTst.cpp
cpp\Internet\CB2006\OverbyteIcsHttpTst.res
cpp\Internet\CB2006\OverbyteIcsHttpsTst.bdsproj
cpp\Internet\CB2006\OverbyteIcsHttpsTst.cpp
cpp\Internet\CB2006\OverbyteIcsHttpsTst.res
cpp\Internet\CB2006\OverbyteIcsBasNntp.bdsproj
cpp\Internet\CB2006\OverbyteIcsBasNntp.cpp
cpp\Internet\CB2006\OverbyteIcsBasNntp.res
cpp\Internet\CB2006\OverbyteIcsClient5.bdsproj
cpp\Internet\CB2006\OverbyteIcsClient5.cpp
cpp\Internet\CB2006\OverbyteIcsClient5.res
cpp\Internet\CB2006\OverbyteIcsClient7.bdsproj
cpp\Internet\CB2006\OverbyteIcsClient7.cpp
cpp\Internet\CB2006\OverbyteIcsClient7.res
cpp\Internet\CB2006\OverbyteIcsCliDemo.bdsproj
cpp\Internet\CB2006\OverbyteIcsCliDemo.cpp
cpp\Internet\CB2006\OverbyteIcsCliDemo.res
cpp\Internet\CB2006\OverbyteIcsDllTst.bdsproj
cpp\Internet\CB2006\OverbyteIcsDllTst.cpp
cpp\Internet\CB2006\OverbyteIcsDllTst.res
cpp\Internet\CB2006\OverbyteIcsFinger.bdsproj
cpp\Internet\CB2006\OverbyteIcsFinger.cpp
cpp\Internet\CB2006\OverbyteIcsFinger.res
cpp\Internet\CB2006\OverbyteIcsFtpServ.bdsproj
cpp\Internet\CB2006\OverbyteIcsFtpServ.cpp
cpp\Internet\CB2006\OverbyteIcsFtpServ.res
cpp\Internet\CB2006\OverbyteIcsFtpTst.bdsproj
cpp\Internet\CB2006\OverbyteIcsFtpTst.cpp
cpp\Internet\CB2006\OverbyteIcsFtpTst.res
cpp\Internet\CB2006\OverbyteIcsHttpPg.bdsproj
cpp\Internet\CB2006\OverbyteIcsHttpPg.cpp
cpp\Internet\CB2006\OverbyteIcsHttpPg.res
cpp\Internet\CB2006\OverbyteIcsMailRcv.bdsproj
cpp\Internet\CB2006\OverbyteIcsMailRcv.cpp
cpp\Internet\CB2006\OverbyteIcsMailRcv.res
cpp\Internet\CB2006\OverbyteIcsMailSnd.bdsproj
cpp\Internet\CB2006\OverbyteIcsMailSnd.cpp
cpp\Internet\CB2006\OverbyteIcsMailSnd.res
cpp\Internet\CB2006\OverbyteIcsMtSrv.bdsproj
cpp\Internet\CB2006\OverbyteIcsMtSrv.cpp
cpp\Internet\CB2006\OverbyteIcsMtSrv.res
cpp\Internet\CB2006\OverbyteIcsNewsRdr.bdsproj
cpp\Internet\CB2006\OverbyteIcsNewsRdr.cpp
cpp\Internet\CB2006\OverbyteIcsNewsRdr.res
cpp\Internet\CB2006\OverbyteIcsNsLook.bdsproj
cpp\Internet\CB2006\OverbyteIcsNsLook.cpp
cpp\Internet\CB2006\OverbyteIcsNsLook.res
cpp\Internet\CB2006\OverbyteIcsPingTst.bdsproj
cpp\Internet\CB2006\OverbyteIcsPingTst.cpp
cpp\Internet\CB2006\OverbyteIcsPingTst.res
cpp\Internet\CB2006\OverbyteIcsRecv.bdsproj
cpp\Internet\CB2006\OverbyteIcsRecv.cpp
cpp\Internet\CB2006\OverbyteIcsRecv.res
cpp\Internet\CB2006\OverbyteIcsReverseDnsSync.bdsproj
cpp\Internet\CB2006\OverbyteIcsReverseDnsSync.cpp
cpp\Internet\CB2006\OverbyteIcsReverseDnsSync.res
cpp\Internet\CB2006\OverbyteIcsSender.bdsproj
cpp\Internet\CB2006\OverbyteIcsSender.cpp
cpp\Internet\CB2006\OverbyteIcsSender.res
cpp\Internet\CB2006\OverbyteIcsSocks.bdsproj
cpp\Internet\CB2006\OverbyteIcsSocks.cpp
cpp\Internet\CB2006\OverbyteIcsSocks.res
cpp\Internet\CB2006\OverbyteIcsServer5.bdsproj
cpp\Internet\CB2006\OverbyteIcsServer5.cpp
cpp\Internet\CB2006\OverbyteIcsServer5.res
cpp\Internet\CB2006\OverbyteIcsSrvDemo.bdsproj
cpp\Internet\CB2006\OverbyteIcsSrvDemo.cpp
cpp\Internet\CB2006\OverbyteIcsSrvDemo.res
cpp\Internet\CB2006\OverbyteIcsTcpSrv.bdsproj
cpp\Internet\CB2006\OverbyteIcsTcpSrv.cpp
cpp\Internet\CB2006\OverbyteIcsTcpSrv.res
cpp\Internet\CB2006\OverbyteIcsTnCli.bdsproj
cpp\Internet\CB2006\OverbyteIcsTnCli.cpp
cpp\Internet\CB2006\OverbyteIcsTnCli.res
cpp\Internet\CB2006\OverbyteIcsTnDemo.bdsproj
cpp\Internet\CB2006\OverbyteIcsTnDemo.cpp
cpp\Internet\CB2006\OverbyteIcsTnDemo.res
cpp\Internet\CB2006\OverbyteIcsTnSrv.bdsproj
cpp\Internet\CB2006\OverbyteIcsTnSrv.cpp
cpp\Internet\CB2006\OverbyteIcsTnSrv.res
cpp\Internet\CB2006\OverbyteIcsTwsChat.bdsproj
cpp\Internet\CB2006\OverbyteIcsTwsChat.cpp
cpp\Internet\CB2006\OverbyteIcsTwsChat.res
cpp\Internet\CB2006\OverbyteIcsUdpLstn.bdsproj
cpp\Internet\CB2006\OverbyteIcsUdpLstn.cpp
cpp\Internet\CB2006\OverbyteIcsUdpLstn.res
cpp\Internet\CB2006\OverbyteIcsUdpSend.bdsproj
cpp\Internet\CB2006\OverbyteIcsUdpSend.cpp
cpp\Internet\CB2006\OverbyteIcsUdpSend.res
cpp\Internet\CB2006\OverbyteIcsWebServ.bdsproj
cpp\Internet\CB2006\OverbyteIcsWebServ.cpp
cpp\Internet\CB2006\OverbyteIcsWebServ.res


cpp\Internet\CB2007\OverbyteIcsCB2007Sam.groupproj
cpp\Internet\CB2007\OverbyteIcsHttpTst.cbproj
cpp\Internet\CB2007\OverbyteIcsHttpTst.cpp
cpp\Internet\CB2007\OverbyteIcsHttpTst.res
cpp\Internet\CB2007\OverbyteIcsHttpsTst.cbproj
cpp\Internet\CB2007\OverbyteIcsHttpsTst.cpp
cpp\Internet\CB2007\OverbyteIcsHttpsTst.res
cpp\Internet\CB2007\OverbyteIcsBasNntp.cbproj
cpp\Internet\CB2007\OverbyteIcsBasNntp.cpp
cpp\Internet\CB2007\OverbyteIcsBasNntp.res
cpp\Internet\CB2007\OverbyteIcsClient5.cbproj
cpp\Internet\CB2007\OverbyteIcsClient5.cpp
cpp\Internet\CB2007\OverbyteIcsClient5.res
cpp\Internet\CB2007\OverbyteIcsClient7.cbproj
cpp\Internet\CB2007\OverbyteIcsClient7.cpp
cpp\Internet\CB2007\OverbyteIcsClient7.res
cpp\Internet\CB2007\OverbyteIcsCliDemo.cbproj
cpp\Internet\CB2007\OverbyteIcsCliDemo.cpp
cpp\Internet\CB2007\OverbyteIcsCliDemo.res
cpp\Internet\CB2007\OverbyteIcsDllTst.cbproj
cpp\Internet\CB2007\OverbyteIcsDllTst.cpp
cpp\Internet\CB2007\OverbyteIcsDllTst.res
cpp\Internet\CB2007\OverbyteIcsFinger.cbproj
cpp\Internet\CB2007\OverbyteIcsFinger.cpp
cpp\Internet\CB2007\OverbyteIcsFinger.res
cpp\Internet\CB2007\OverbyteIcsFtpServ.cbproj
cpp\Internet\CB2007\OverbyteIcsFtpServ.cpp
cpp\Internet\CB2007\OverbyteIcsFtpServ.res
cpp\Internet\CB2007\OverbyteIcsFtpTst.cbproj
cpp\Internet\CB2007\OverbyteIcsFtpTst.cpp
cpp\Internet\CB2007\OverbyteIcsFtpTst.res
cpp\Internet\CB2007\OverbyteIcsHttpPg.cbproj
cpp\Internet\CB2007\OverbyteIcsHttpPg.cpp
cpp\Internet\CB2007\OverbyteIcsHttpPg.res
cpp\Internet\CB2007\OverbyteIcsMailRcv.cbproj
cpp\Internet\CB2007\OverbyteIcsMailRcv.cpp
cpp\Internet\CB2007\OverbyteIcsMailRcv.res
cpp\Internet\CB2007\OverbyteIcsMailSnd.cbproj
cpp\Internet\CB2007\OverbyteIcsMailSnd.cpp
cpp\Internet\CB2007\OverbyteIcsMailSnd.res
cpp\Internet\CB2007\OverbyteIcsMtSrv.cbproj
cpp\Internet\CB2007\OverbyteIcsMtSrv.cpp
cpp\Internet\CB2007\OverbyteIcsMtSrv.res
cpp\Internet\CB2007\OverbyteIcsNewsRdr.cbproj
cpp\Internet\CB2007\OverbyteIcsNewsRdr.cpp
cpp\Internet\CB2007\OverbyteIcsNewsRdr.res
cpp\Internet\CB2007\OverbyteIcsNsLook.cbproj
cpp\Internet\CB2007\OverbyteIcsNsLook.cpp
cpp\Internet\CB2007\OverbyteIcsNsLook.res
cpp\Internet\CB2007\OverbyteIcsPingTst.cbproj
cpp\Internet\CB2007\OverbyteIcsPingTst.cpp
cpp\Internet\CB2007\OverbyteIcsPingTst.res
cpp\Internet\CB2007\OverbyteIcsRecv.cbproj
cpp\Internet\CB2007\OverbyteIcsRecv.cpp
cpp\Internet\CB2007\OverbyteIcsRecv.res
cpp\Internet\CB2007\OverbyteIcsReverseDnsSync.cbproj
cpp\Internet\CB2007\OverbyteIcsReverseDnsSync.cpp
cpp\Internet\CB2007\OverbyteIcsReverseDnsSync.res
cpp\Internet\CB2007\OverbyteIcsSender.cbproj
cpp\Internet\CB2007\OverbyteIcsSender.cpp
cpp\Internet\CB2007\OverbyteIcsSender.res
cpp\Internet\CB2007\OverbyteIcsSocks.cbproj
cpp\Internet\CB2007\OverbyteIcsSocks.cpp
cpp\Internet\CB2007\OverbyteIcsSocks.res
cpp\Internet\CB2007\OverbyteIcsServer5.cbproj
cpp\Internet\CB2007\OverbyteIcsServer5.cpp
cpp\Internet\CB2007\OverbyteIcsServer5.res
cpp\Internet\CB2007\OverbyteIcsSrvDemo.cbproj
cpp\Internet\CB2007\OverbyteIcsSrvDemo.cpp
cpp\Internet\CB2007\OverbyteIcsSrvDemo.res
cpp\Internet\CB2007\OverbyteIcsTcpSrv.cbproj
cpp\Internet\CB2007\OverbyteIcsTcpSrv.cpp
cpp\Internet\CB2007\OverbyteIcsTcpSrv.res
cpp\Internet\CB2007\OverbyteIcsTnCli.cbproj
cpp\Internet\CB2007\OverbyteIcsTnCli.cpp
cpp\Internet\CB2007\OverbyteIcsTnCli.res
cpp\Internet\CB2007\OverbyteIcsTnDemo.cbproj
cpp\Internet\CB2007\OverbyteIcsTnDemo.cpp
cpp\Internet\CB2007\OverbyteIcsTnDemo.res
cpp\Internet\CB2007\OverbyteIcsTnSrv.cbproj
cpp\Internet\CB2007\OverbyteIcsTnSrv.cpp
cpp\Internet\CB2007\OverbyteIcsTnSrv.res
cpp\Internet\CB2007\OverbyteIcsTwsChat.cbproj
cpp\Internet\CB2007\OverbyteIcsTwsChat.cpp
cpp\Internet\CB2007\OverbyteIcsTwsChat.res
cpp\Internet\CB2007\OverbyteIcsUdpLstn.cbproj
cpp\Internet\CB2007\OverbyteIcsUdpLstn.cpp
cpp\Internet\CB2007\OverbyteIcsUdpLstn.res
cpp\Internet\CB2007\OverbyteIcsUdpSend.cbproj
cpp\Internet\CB2007\OverbyteIcsUdpSend.cpp
cpp\Internet\CB2007\OverbyteIcsUdpSend.res
cpp\Internet\CB2007\OverbyteIcsWebServ.cbproj
cpp\Internet\CB2007\OverbyteIcsWebServ.cpp
cpp\Internet\CB2007\OverbyteIcsWebServ.res

cpp\Internet\CB2009\OverbyteIcsCB2009Sam.groupproj
cpp\Internet\CB2009\OverbyteIcsHttpTst.cbproj
cpp\Internet\CB2009\OverbyteIcsHttpTst.cpp
cpp\Internet\CB2009\OverbyteIcsHttpTst.res
cpp\Internet\CB2009\OverbyteIcsHttpsTst.cbproj
cpp\Internet\CB2009\OverbyteIcsHttpsTst.cpp
cpp\Internet\CB2009\OverbyteIcsHttpsTst.res
cpp\Internet\CB2009\OverbyteIcsBasNntp.cbproj
cpp\Internet\CB2009\OverbyteIcsBasNntp.cpp
cpp\Internet\CB2009\OverbyteIcsBasNntp.res
cpp\Internet\CB2009\OverbyteIcsClient5.cbproj
cpp\Internet\CB2009\OverbyteIcsClient5.cpp
cpp\Internet\CB2009\OverbyteIcsClient5.res
cpp\Internet\CB2009\OverbyteIcsClient7.cbproj
cpp\Internet\CB2009\OverbyteIcsClient7.cpp
cpp\Internet\CB2009\OverbyteIcsClient7.res
cpp\Internet\CB2009\OverbyteIcsCliDemo.cbproj
cpp\Internet\CB2009\OverbyteIcsCliDemo.cpp
cpp\Internet\CB2009\OverbyteIcsCliDemo.res
cpp\Internet\CB2009\OverbyteIcsDllTst.cbproj
cpp\Internet\CB2009\OverbyteIcsDllTst.cpp
cpp\Internet\CB2009\OverbyteIcsDllTst.res
cpp\Internet\CB2009\OverbyteIcsFinger.cbproj
cpp\Internet\CB2009\OverbyteIcsFinger.cpp
cpp\Internet\CB2009\OverbyteIcsFinger.res
cpp\Internet\CB2009\OverbyteIcsFtpServ.cbproj
cpp\Internet\CB2009\OverbyteIcsFtpServ.cpp
cpp\Internet\CB2009\OverbyteIcsFtpServ.res
cpp\Internet\CB2009\OverbyteIcsFtpTst.cbproj
cpp\Internet\CB2009\OverbyteIcsFtpTst.cpp
cpp\Internet\CB2009\OverbyteIcsFtpTst.res
cpp\Internet\CB2009\OverbyteIcsHttpPg.cbproj
cpp\Internet\CB2009\OverbyteIcsHttpPg.cpp
cpp\Internet\CB2009\OverbyteIcsHttpPg.res
cpp\Internet\CB2009\OverbyteIcsMailRcv.cbproj
cpp\Internet\CB2009\OverbyteIcsMailRcv.cpp
cpp\Internet\CB2009\OverbyteIcsMailRcv.res
cpp\Internet\CB2009\OverbyteIcsMailSnd.cbproj
cpp\Internet\CB2009\OverbyteIcsMailSnd.cpp
cpp\Internet\CB2009\OverbyteIcsMailSnd.res
cpp\Internet\CB2009\OverbyteIcsMtSrv.cbproj
cpp\Internet\CB2009\OverbyteIcsMtSrv.cpp
cpp\Internet\CB2009\OverbyteIcsMtSrv.res
cpp\Internet\CB2009\OverbyteIcsNewsRdr.cbproj
cpp\Internet\CB2009\OverbyteIcsNewsRdr.cpp
cpp\Internet\CB2009\OverbyteIcsNewsRdr.res
cpp\Internet\CB2009\OverbyteIcsNsLook.cbproj
cpp\Internet\CB2009\OverbyteIcsNsLook.cpp
cpp\Internet\CB2009\OverbyteIcsNsLook.res
cpp\Internet\CB2009\OverbyteIcsPingTst.cbproj
cpp\Internet\CB2009\OverbyteIcsPingTst.cpp
cpp\Internet\CB2009\OverbyteIcsPingTst.res
cpp\Internet\CB2009\OverbyteIcsRecv.cbproj
cpp\Internet\CB2009\OverbyteIcsRecv.cpp
cpp\Internet\CB2009\OverbyteIcsRecv.res
cpp\Internet\CB2009\OverbyteIcsReverseDnsSync.cbproj
cpp\Internet\CB2009\OverbyteIcsReverseDnsSync.cpp
cpp\Internet\CB2009\OverbyteIcsReverseDnsSync.res
cpp\Internet\CB2009\OverbyteIcsSender.cbproj
cpp\Internet\CB2009\OverbyteIcsSender.cpp
cpp\Internet\CB2009\OverbyteIcsSender.res
cpp\Internet\CB2009\OverbyteIcsSocks.cbproj
cpp\Internet\CB2009\OverbyteIcsSocks.cpp
cpp\Internet\CB2009\OverbyteIcsSocks.res
cpp\Internet\CB2009\OverbyteIcsServer5.cbproj
cpp\Internet\CB2009\OverbyteIcsServer5.cpp
cpp\Internet\CB2009\OverbyteIcsServer5.res
cpp\Internet\CB2009\OverbyteIcsSrvDemo.cbproj
cpp\Internet\CB2009\OverbyteIcsSrvDemo.cpp
cpp\Internet\CB2009\OverbyteIcsSrvDemo.res
cpp\Internet\CB2009\OverbyteIcsTcpSrv.cbproj
cpp\Internet\CB2009\OverbyteIcsTcpSrv.cpp
cpp\Internet\CB2009\OverbyteIcsTcpSrv.res
cpp\Internet\CB2009\OverbyteIcsTnCli.cbproj
cpp\Internet\CB2009\OverbyteIcsTnCli.cpp
cpp\Internet\CB2009\OverbyteIcsTnCli.res
cpp\Internet\CB2009\OverbyteIcsTnDemo.cbproj
cpp\Internet\CB2009\OverbyteIcsTnDemo.cpp
cpp\Internet\CB2009\OverbyteIcsTnDemo.res
cpp\Internet\CB2009\OverbyteIcsTnSrv.cbproj
cpp\Internet\CB2009\OverbyteIcsTnSrv.cpp
cpp\Internet\CB2009\OverbyteIcsTnSrv.res
cpp\Internet\CB2009\OverbyteIcsTwsChat.cbproj
cpp\Internet\CB2009\OverbyteIcsTwsChat.cpp
cpp\Internet\CB2009\OverbyteIcsTwsChat.res
cpp\Internet\CB2009\OverbyteIcsUdpLstn.cbproj
cpp\Internet\CB2009\OverbyteIcsUdpLstn.cpp
cpp\Internet\CB2009\OverbyteIcsUdpLstn.res
cpp\Internet\CB2009\OverbyteIcsUdpSend.cbproj
cpp\Internet\CB2009\OverbyteIcsUdpSend.cpp
cpp\Internet\CB2009\OverbyteIcsUdpSend.res
cpp\Internet\CB2009\OverbyteIcsWebServ.cbproj
cpp\Internet\CB2009\OverbyteIcsWebServ.cpp
cpp\Internet\CB2009\OverbyteIcsWebServ.res

cpp\Internet\CB2010\OverbyteIcsCB2010Sam.groupproj
cpp\Internet\CB2010\OverbyteIcsHttpTst.cbproj
cpp\Internet\CB2010\OverbyteIcsHttpTst.cpp
cpp\Internet\CB2010\OverbyteIcsHttpTst.res
cpp\Internet\CB2010\OverbyteIcsHttpsTst.cbproj
cpp\Internet\CB2010\OverbyteIcsHttpsTst.cpp
cpp\Internet\CB2010\OverbyteIcsHttpsTst.res
cpp\Internet\CB2010\OverbyteIcsBasNntp.cbproj
cpp\Internet\CB2010\OverbyteIcsBasNntp.cpp
cpp\Internet\CB2010\OverbyteIcsBasNntp.res
cpp\Internet\CB2010\OverbyteIcsClient5.cbproj
cpp\Internet\CB2010\OverbyteIcsClient5.cpp
cpp\Internet\CB2010\OverbyteIcsClient5.res
cpp\Internet\CB2010\OverbyteIcsClient7.cbproj
cpp\Internet\CB2010\OverbyteIcsClient7.cpp
cpp\Internet\CB2010\OverbyteIcsClient7.res
cpp\Internet\CB2010\OverbyteIcsCliDemo.cbproj
cpp\Internet\CB2010\OverbyteIcsCliDemo.cpp
cpp\Internet\CB2010\OverbyteIcsCliDemo.res
cpp\Internet\CB2010\OverbyteIcsDllTst.cbproj
cpp\Internet\CB2010\OverbyteIcsDllTst.cpp
cpp\Internet\CB2010\OverbyteIcsDllTst.res
cpp\Internet\CB2010\OverbyteIcsFinger.cbproj
cpp\Internet\CB2010\OverbyteIcsFinger.cpp
cpp\Internet\CB2010\OverbyteIcsFinger.res
cpp\Internet\CB2010\OverbyteIcsFtpServ.cbproj
cpp\Internet\CB2010\OverbyteIcsFtpServ.cpp
cpp\Internet\CB2010\OverbyteIcsFtpServ.res
cpp\Internet\CB2010\OverbyteIcsFtpTst.cbproj
cpp\Internet\CB2010\OverbyteIcsFtpTst.cpp
cpp\Internet\CB2010\OverbyteIcsFtpTst.res
cpp\Internet\CB2010\OverbyteIcsHttpPg.cbproj
cpp\Internet\CB2010\OverbyteIcsHttpPg.cpp
cpp\Internet\CB2010\OverbyteIcsHttpPg.res
cpp\Internet\CB2010\OverbyteIcsMailRcv.cbproj
cpp\Internet\CB2010\OverbyteIcsMailRcv.cpp
cpp\Internet\CB2010\OverbyteIcsMailRcv.res
cpp\Internet\CB2010\OverbyteIcsMailSnd.cbproj
cpp\Internet\CB2010\OverbyteIcsMailSnd.cpp
cpp\Internet\CB2010\OverbyteIcsMailSnd.res
cpp\Internet\CB2010\OverbyteIcsMtSrv.cbproj
cpp\Internet\CB2010\OverbyteIcsMtSrv.cpp
cpp\Internet\CB2010\OverbyteIcsMtSrv.res
cpp\Internet\CB2010\OverbyteIcsNewsRdr.cbproj
cpp\Internet\CB2010\OverbyteIcsNewsRdr.cpp
cpp\Internet\CB2010\OverbyteIcsNewsRdr.res
cpp\Internet\CB2010\OverbyteIcsNsLook.cbproj
cpp\Internet\CB2010\OverbyteIcsNsLook.cpp
cpp\Internet\CB2010\OverbyteIcsNsLook.res
cpp\Internet\CB2010\OverbyteIcsPingTst.cbproj
cpp\Internet\CB2010\OverbyteIcsPingTst.cpp
cpp\Internet\CB2010\OverbyteIcsPingTst.res
cpp\Internet\CB2010\OverbyteIcsRecv.cbproj
cpp\Internet\CB2010\OverbyteIcsRecv.cpp
cpp\Internet\CB2010\OverbyteIcsRecv.res
cpp\Internet\CB2010\OverbyteIcsReverseDnsSync.cbproj
cpp\Internet\CB2010\OverbyteIcsReverseDnsSync.cpp
cpp\Internet\CB2010\OverbyteIcsReverseDnsSync.res
cpp\Internet\CB2010\OverbyteIcsSender.cbproj
cpp\Internet\CB2010\OverbyteIcsSender.cpp
cpp\Internet\CB2010\OverbyteIcsSender.res
cpp\Internet\CB2010\OverbyteIcsSocks.cbproj
cpp\Internet\CB2010\OverbyteIcsSocks.cpp
cpp\Internet\CB2010\OverbyteIcsSocks.res
cpp\Internet\CB2010\OverbyteIcsServer5.cbproj
cpp\Internet\CB2010\OverbyteIcsServer5.cpp
cpp\Internet\CB2010\OverbyteIcsServer5.res
cpp\Internet\CB2010\OverbyteIcsSrvDemo.cbproj
cpp\Internet\CB2010\OverbyteIcsSrvDemo.cpp
cpp\Internet\CB2010\OverbyteIcsSrvDemo.res
cpp\Internet\CB2010\OverbyteIcsTcpSrv.cbproj
cpp\Internet\CB2010\OverbyteIcsTcpSrv.cpp
cpp\Internet\CB2010\OverbyteIcsTcpSrv.res
cpp\Internet\CB2010\OverbyteIcsTnCli.cbproj
cpp\Internet\CB2010\OverbyteIcsTnCli.cpp
cpp\Internet\CB2010\OverbyteIcsTnCli.res
cpp\Internet\CB2010\OverbyteIcsTnDemo.cbproj
cpp\Internet\CB2010\OverbyteIcsTnDemo.cpp
cpp\Internet\CB2010\OverbyteIcsTnDemo.res
cpp\Internet\CB2010\OverbyteIcsTnSrv.cbproj
cpp\Internet\CB2010\OverbyteIcsTnSrv.cpp
cpp\Internet\CB2010\OverbyteIcsTnSrv.res
cpp\Internet\CB2010\OverbyteIcsTwsChat.cbproj
cpp\Internet\CB2010\OverbyteIcsTwsChat.cpp
cpp\Internet\CB2010\OverbyteIcsTwsChat.res
cpp\Internet\CB2010\OverbyteIcsUdpLstn.cbproj
cpp\Internet\CB2010\OverbyteIcsUdpLstn.cpp
cpp\Internet\CB2010\OverbyteIcsUdpLstn.res
cpp\Internet\CB2010\OverbyteIcsUdpSend.cbproj
cpp\Internet\CB2010\OverbyteIcsUdpSend.cpp
cpp\Internet\CB2010\OverbyteIcsUdpSend.res
cpp\Internet\CB2010\OverbyteIcsWebServ.cbproj
cpp\Internet\CB2010\OverbyteIcsWebServ.cpp
cpp\Internet\CB2010\OverbyteIcsWebServ.res

cpp\Internet\CBXe\OverbyteIcsCBXeSam.groupproj
cpp\Internet\CBXe\OverbyteIcsHttpTst.cbproj
cpp\Internet\CBXe\OverbyteIcsHttpTst.cpp
cpp\Internet\CBXe\OverbyteIcsHttpTst.res
cpp\Internet\CBXe\OverbyteIcsHttpsTst.cbproj
cpp\Internet\CBXe\OverbyteIcsHttpsTst.cpp
cpp\Internet\CBXe\OverbyteIcsHttpsTst.res
cpp\Internet\CBXe\OverbyteIcsBasNntp.cbproj
cpp\Internet\CBXe\OverbyteIcsBasNntp.cpp
cpp\Internet\CBXe\OverbyteIcsBasNntp.res
cpp\Internet\CBXe\OverbyteIcsClient5.cbproj
cpp\Internet\CBXe\OverbyteIcsClient5.cpp
cpp\Internet\CBXe\OverbyteIcsClient5.res
cpp\Internet\CBXe\OverbyteIcsClient7.cbproj
cpp\Internet\CBXe\OverbyteIcsClient7.cpp
cpp\Internet\CBXe\OverbyteIcsClient7.res
cpp\Internet\CBXe\OverbyteIcsCliDemo.cbproj
cpp\Internet\CBXe\OverbyteIcsCliDemo.cpp
cpp\Internet\CBXe\OverbyteIcsCliDemo.res
cpp\Internet\CBXe\OverbyteIcsDllTst.cbproj
cpp\Internet\CBXe\OverbyteIcsDllTst.cpp
cpp\Internet\CBXe\OverbyteIcsDllTst.res
cpp\Internet\CBXe\OverbyteIcsFinger.cbproj
cpp\Internet\CBXe\OverbyteIcsFinger.cpp
cpp\Internet\CBXe\OverbyteIcsFinger.res
cpp\Internet\CBXe\OverbyteIcsFtpServ.cbproj
cpp\Internet\CBXe\OverbyteIcsFtpServ.cpp
cpp\Internet\CBXe\OverbyteIcsFtpServ.res
cpp\Internet\CBXe\OverbyteIcsFtpTst.cbproj
cpp\Internet\CBXe\OverbyteIcsFtpTst.cpp
cpp\Internet\CBXe\OverbyteIcsFtpTst.res
cpp\Internet\CBXe\OverbyteIcsHttpPg.cbproj
cpp\Internet\CBXe\OverbyteIcsHttpPg.cpp
cpp\Internet\CBXe\OverbyteIcsHttpPg.res
cpp\Internet\CBXe\OverbyteIcsMailRcv.cbproj
cpp\Internet\CBXe\OverbyteIcsMailRcv.cpp
cpp\Internet\CBXe\OverbyteIcsMailRcv.res
cpp\Internet\CBXe\OverbyteIcsMailSnd.cbproj
cpp\Internet\CBXe\OverbyteIcsMailSnd.cpp
cpp\Internet\CBXe\OverbyteIcsMailSnd.res
cpp\Internet\CBXe\OverbyteIcsMtSrv.cbproj
cpp\Internet\CBXe\OverbyteIcsMtSrv.cpp
cpp\Internet\CBXe\OverbyteIcsMtSrv.res
cpp\Internet\CBXe\OverbyteIcsNewsRdr.cbproj
cpp\Internet\CBXe\OverbyteIcsNewsRdr.cpp
cpp\Internet\CBXe\OverbyteIcsNewsRdr.res
cpp\Internet\CBXe\OverbyteIcsNsLook.cbproj
cpp\Internet\CBXe\OverbyteIcsNsLook.cpp
cpp\Internet\CBXe\OverbyteIcsNsLook.res
cpp\Internet\CBXe\OverbyteIcsPingTst.cbproj
cpp\Internet\CBXe\OverbyteIcsPingTst.cpp
cpp\Internet\CBXe\OverbyteIcsPingTst.res
cpp\Internet\CBXe\OverbyteIcsRecv.cbproj
cpp\Internet\CBXe\OverbyteIcsRecv.cpp
cpp\Internet\CBXe\OverbyteIcsRecv.res
cpp\Internet\CBXe\OverbyteIcsReverseDnsSync.cbproj
cpp\Internet\CBXe\OverbyteIcsReverseDnsSync.cpp
cpp\Internet\CBXe\OverbyteIcsReverseDnsSync.res
cpp\Internet\CBXe\OverbyteIcsSender.cbproj
cpp\Internet\CBXe\OverbyteIcsSender.cpp
cpp\Internet\CBXe\OverbyteIcsSender.res
cpp\Internet\CBXe\OverbyteIcsSocks.cbproj
cpp\Internet\CBXe\OverbyteIcsSocks.cpp
cpp\Internet\CBXe\OverbyteIcsSocks.res
cpp\Internet\CBXe\OverbyteIcsServer5.cbproj
cpp\Internet\CBXe\OverbyteIcsServer5.cpp
cpp\Internet\CBXe\OverbyteIcsServer5.res
cpp\Internet\CBXe\OverbyteIcsSrvDemo.cbproj
cpp\Internet\CBXe\OverbyteIcsSrvDemo.cpp
cpp\Internet\CBXe\OverbyteIcsSrvDemo.res
cpp\Internet\CBXe\OverbyteIcsTcpSrv.cbproj
cpp\Internet\CBXe\OverbyteIcsTcpSrv.cpp
cpp\Internet\CBXe\OverbyteIcsTcpSrv.res
cpp\Internet\CBXe\OverbyteIcsTnCli.cbproj
cpp\Internet\CBXe\OverbyteIcsTnCli.cpp
cpp\Internet\CBXe\OverbyteIcsTnCli.res
cpp\Internet\CBXe\OverbyteIcsTnDemo.cbproj
cpp\Internet\CBXe\OverbyteIcsTnDemo.cpp
cpp\Internet\CBXe\OverbyteIcsTnDemo.res
cpp\Internet\CBXe\OverbyteIcsTnSrv.cbproj
cpp\Internet\CBXe\OverbyteIcsTnSrv.cpp
cpp\Internet\CBXe\OverbyteIcsTnSrv.res
cpp\Internet\CBXe\OverbyteIcsTwsChat.cbproj
cpp\Internet\CBXe\OverbyteIcsTwsChat.cpp
cpp\Internet\CBXe\OverbyteIcsTwsChat.res
cpp\Internet\CBXe\OverbyteIcsUdpLstn.cbproj
cpp\Internet\CBXe\OverbyteIcsUdpLstn.cpp
cpp\Internet\CBXe\OverbyteIcsUdpLstn.res
cpp\Internet\CBXe\OverbyteIcsUdpSend.cbproj
cpp\Internet\CBXe\OverbyteIcsUdpSend.cpp
cpp\Internet\CBXe\OverbyteIcsUdpSend.res
cpp\Internet\CBXe\OverbyteIcsWebServ.cbproj
cpp\Internet\CBXe\OverbyteIcsWebServ.cpp
cpp\Internet\CBXe\OverbyteIcsWebServ.res

cpp\Internet\CBXe2\OverbyteIcsCBXe2Sam.groupproj
cpp\Internet\CBXe2\OverbyteIcsHttpTst.cbproj
cpp\Internet\CBXe2\OverbyteIcsHttpTst.cpp
cpp\Internet\CBXe2\OverbyteIcsHttpsTst.cbproj
cpp\Internet\CBXe2\OverbyteIcsHttpsTst.cpp
cpp\Internet\CBXe2\OverbyteIcsBasNntp.cbproj
cpp\Internet\CBXe2\OverbyteIcsBasNntp.cpp
cpp\Internet\CBXe2\OverbyteIcsClient5.cbproj
cpp\Internet\CBXe2\OverbyteIcsClient5.cpp
cpp\Internet\CBXe2\OverbyteIcsClient7.cbproj
cpp\Internet\CBXe2\OverbyteIcsClient7.cpp
cpp\Internet\CBXe2\OverbyteIcsCliDemo.cbproj
cpp\Internet\CBXe2\OverbyteIcsCliDemo.cpp
cpp\Internet\CBXe2\OverbyteIcsDllTst.cbproj
cpp\Internet\CBXe2\OverbyteIcsDllTst.cpp
cpp\Internet\CBXe2\OverbyteIcsFinger.cbproj
cpp\Internet\CBXe2\OverbyteIcsFinger.cpp
cpp\Internet\CBXe2\OverbyteIcsFtpServ.cbproj
cpp\Internet\CBXe2\OverbyteIcsFtpServ.cpp
cpp\Internet\CBXe2\OverbyteIcsFtpTst.cbproj
cpp\Internet\CBXe2\OverbyteIcsFtpTst.cpp
cpp\Internet\CBXe2\OverbyteIcsHttpPg.cbproj
cpp\Internet\CBXe2\OverbyteIcsHttpPg.cpp
cpp\Internet\CBXe2\OverbyteIcsMailRcv.cbproj
cpp\Internet\CBXe2\OverbyteIcsMailRcv.cpp
cpp\Internet\CBXe2\OverbyteIcsMailSnd.cbproj
cpp\Internet\CBXe2\OverbyteIcsMailSnd.cpp
cpp\Internet\CBXe2\OverbyteIcsMtSrv.cbproj
cpp\Internet\CBXe2\OverbyteIcsMtSrv.cpp
cpp\Internet\CBXe2\OverbyteIcsNewsRdr.cbproj
cpp\Internet\CBXe2\OverbyteIcsNewsRdr.cpp
cpp\Internet\CBXe2\OverbyteIcsNsLook.cbproj
cpp\Internet\CBXe2\OverbyteIcsNsLook.cpp
cpp\Internet\CBXe2\OverbyteIcsPingTst.cbproj
cpp\Internet\CBXe2\OverbyteIcsPingTst.cpp
cpp\Internet\CBXe2\OverbyteIcsRecv.cbproj
cpp\Internet\CBXe2\OverbyteIcsRecv.cpp
cpp\Internet\CBXe2\OverbyteIcsReverseDnsSync.cbproj
cpp\Internet\CBXe2\OverbyteIcsReverseDnsSync.cpp
cpp\Internet\CBXe2\OverbyteIcsSender.cbproj
cpp\Internet\CBXe2\OverbyteIcsSender.cpp
cpp\Internet\CBXe2\OverbyteIcsSocks.cbproj
cpp\Internet\CBXe2\OverbyteIcsSocks.cpp
cpp\Internet\CBXe2\OverbyteIcsServer5.cbproj
cpp\Internet\CBXe2\OverbyteIcsServer5.cpp
cpp\Internet\CBXe2\OverbyteIcsSrvDemo.cbproj
cpp\Internet\CBXe2\OverbyteIcsSrvDemo.cpp
cpp\Internet\CBXe2\OverbyteIcsTcpSrv.cbproj
cpp\Internet\CBXe2\OverbyteIcsTcpSrv.cpp
cpp\Internet\CBXe2\OverbyteIcsTnCli.cbproj
cpp\Internet\CBXe2\OverbyteIcsTnCli.cpp
cpp\Internet\CBXe2\OverbyteIcsTnDemo.cbproj
cpp\Internet\CBXe2\OverbyteIcsTnDemo.cpp
cpp\Internet\CBXe2\OverbyteIcsTnSrv.cbproj
cpp\Internet\CBXe2\OverbyteIcsTnSrv.cpp
cpp\Internet\CBXe2\OverbyteIcsTwsChat.cbproj
cpp\Internet\CBXe2\OverbyteIcsTwsChat.cpp
cpp\Internet\CBXe2\OverbyteIcsUdpLstn.cbproj
cpp\Internet\CBXe2\OverbyteIcsUdpLstn.cpp
cpp\Internet\CBXe2\OverbyteIcsUdpSend.cbproj
cpp\Internet\CBXe2\OverbyteIcsUdpSend.cpp
cpp\Internet\CBXe2\OverbyteIcsWebServ.cbproj
cpp\Internet\CBXe2\OverbyteIcsWebServ.cpp

Delphi\Internet\Dcu\dir.txt
Delphi\Internet\fp_small.gif
Delphi\Internet\ics_logo.gif

Delphi\Internet\OverbyteIcsDemo.bpg

Delphi\Internet\OverbyteIcsCliDemo.dof
Delphi\Internet\OverbyteIcsCliDemo.dpr
Delphi\Internet\OverbyteIcsCliDemo.res
Delphi\Internet\OverbyteIcsCliDemo1.pas
Delphi\Internet\OverbyteIcsCliDemo1.dfm

Delphi\Internet\OverbyteIcsBinCliDemo.dof
Delphi\Internet\OverbyteIcsBinCliDemo.dpr
Delphi\Internet\OverbyteIcsBinCliDemo.res
Delphi\Internet\OverbyteIcsBinCliDemo1.pas
Delphi\Internet\OverbyteIcsBinCliDemo1.dfm

Delphi\Internet\OverbyteIcsConFtp.dpr
Delphi\Internet\OverbyteIcsConFtp.dof

Delphi\Internet\OverbyteIcsConHttp.dpr
Delphi\Internet\OverbyteIcsConHttp.dof

Delphi\Internet\OverbyteIcsHttpAsy.dof
Delphi\Internet\OverbyteIcsHttpAsy.dpr
Delphi\Internet\OverbyteIcsHttpAsy.res
Delphi\Internet\OverbyteIcsHttpAsy1.pas
Delphi\Internet\OverbyteIcsHttpAsy1.dfm

Delphi\Internet\OverbyteIcsHttpAsp.dof
Delphi\Internet\OverbyteIcsHttpAsp.dpr
Delphi\Internet\OverbyteIcsHttpAsp.res
Delphi\Internet\OverbyteIcsHttpAsp1.pas
Delphi\Internet\OverbyteIcsHttpAsp1.dfm

Delphi\Internet\OverbyteIcsDnsLook.dof
Delphi\Internet\OverbyteIcsDnsLook.dpr
Delphi\Internet\OverbyteIcsDnsLook.res
Delphi\Internet\OverbyteIcsDnsLook1.pas
Delphi\Internet\OverbyteIcsDnsLook1.dfm

Delphi\Internet\OverbyteIcsDnsResolver.dof
Delphi\Internet\OverbyteIcsDnsResolver.dpr
Delphi\Internet\OverbyteIcsDnsResolver.res
Delphi\Internet\OverbyteIcsDnsResolver1.pas
Delphi\Internet\OverbyteIcsDnsResolver1.dfm

Delphi\Internet\OverbyteIcsHttpMultipartDownload.dof
Delphi\Internet\OverbyteIcsHttpMultipartDownload.dpr
Delphi\Internet\OverbyteIcsHttpMultipartDownload.res
Delphi\Internet\OverbyteIcsHttpMultipartDownload1.dfm
Delphi\Internet\OverbyteIcsHttpMultipartDownload1.pas

Delphi\Internet\OverbyteIcsFtpMultipartDownload.dof
Delphi\Internet\OverbyteIcsFtpMultipartDownload.dpr
Delphi\Internet\OverbyteIcsFtpMultipartDownload.res
Delphi\Internet\OverbyteIcsFtpMultipartDownload1.dfm
Delphi\Internet\OverbyteIcsFtpMultipartDownload1.pas

Delphi\Internet\OverbyteIcsFtpServ.dof
Delphi\Internet\OverbyteIcsFtpServ.dpr
Delphi\Internet\OverbyteIcsFtpServ.res
Delphi\Internet\OverbyteIcsFtpServ1.dfm
Delphi\Internet\OverbyteIcsFtpServ1.pas

Delphi\Internet\OverbyteIcsFtpTst.dof
Delphi\Internet\OverbyteIcsFtpTst.dpr
Delphi\Internet\OverbyteIcsFtpTst.res
Delphi\Internet\OverbyteIcsFtpTst1.dfm
Delphi\Internet\OverbyteIcsFtpTst1.pas
Delphi\Internet\OverbyteIcsFtpTst2.dfm
Delphi\Internet\OverbyteIcsFtpTst2.pas
Delphi\Internet\ftpaccounts-default.ini
Delphi\Internet\ftpaccounts-[127.0.0.1].ini

Delphi\Internet\OverbyteIcsHttpPost.dof
Delphi\Internet\OverbyteIcsHttpPost.dpr
Delphi\Internet\OverbyteIcsHttpPost.res
Delphi\Internet\OverbyteIcsHttpPost1.dfm
Delphi\Internet\OverbyteIcsHttpPost1.pas

Delphi\Internet\OverbyteIcsHttpTst.dof
Delphi\Internet\OverbyteIcsHttpTst.dpr
Delphi\Internet\OverbyteIcsHttpTst.res
Delphi\Internet\OverbyteIcsHttpTst1.dfm
Delphi\Internet\OverbyteIcsHttpTst1.pas

Delphi\Internet\OverbyteIcsMailRcv.dof
Delphi\Internet\OverbyteIcsMailRcv.dpr
Delphi\Internet\OverbyteIcsMailRcv.res
Delphi\Internet\OverbyteIcsMailRcv1.dfm
Delphi\Internet\OverbyteIcsMailRcv1.pas
Delphi\Internet\OverbyteIcsMailRcv2.dfm
Delphi\Internet\OverbyteIcsMailRcv2.pas

Delphi\Internet\OverbyteIcsMailHtml.dof
Delphi\Internet\OverbyteIcsMailHtml.dpr
Delphi\Internet\OverbyteIcsMailHtml.res
Delphi\Internet\OverbyteIcsMailHtm1.dfm
Delphi\Internet\OverbyteIcsMailHtm1.pas

Delphi\Internet\OverbyteIcsMailSnd.dof
Delphi\Internet\OverbyteIcsMailSnd.dpr
Delphi\Internet\OverbyteIcsMailSnd.res
Delphi\Internet\OverbyteIcsMailSnd1.dfm
Delphi\Internet\OverbyteIcsMailSnd1.pas

Delphi\Internet\OverbyteIcsSysLogClientDemo.dof
Delphi\Internet\OverbyteIcsSysLogClientDemo.dpr
Delphi\Internet\OverbyteIcsSysLogClientDemo.res
Delphi\Internet\OverbyteIcsSysLogClientDemo1.pas
Delphi\Internet\OverbyteIcsSysLogClientDemo1.dfm

Delphi\Internet\OverbyteIcsSysLogServerDemo.dof
Delphi\Internet\OverbyteIcsSysLogServerDemo.dpr
Delphi\Internet\OverbyteIcsSysLogServerDemo.res
Delphi\Internet\OverbyteIcsSysLogServerDemo1.pas
Delphi\Internet\OverbyteIcsSysLogServerDemo1.dfm

Delphi\Internet\OverbyteIcsMimeDemo.dof
Delphi\Internet\OverbyteIcsMimeDemo.dpr
Delphi\Internet\OverbyteIcsMimeDemo.res
Delphi\Internet\OverbyteIcsMimeDemo1.dfm
Delphi\Internet\OverbyteIcsMimeDemo1.pas
Delphi\Internet\mime-demo1.txt
Delphi\Internet\mime-demo2.txt
Delphi\Internet\mime-demo3.txt
Delphi\Internet\mime-demo4.txt
Delphi\Internet\mime-demo5.txt
Delphi\Internet\mime.types

Delphi\Internet\OverbyteIcsNewsReader.dof
Delphi\Internet\OverbyteIcsNewsReader.dpr
Delphi\Internet\OverbyteIcsNewsReader.res
Delphi\Internet\OverbyteIcsNewsReader1.dfm
Delphi\Internet\OverbyteIcsNewsReader1.pas

Delphi\Internet\OverbyteIcsNsLookup.dof
Delphi\Internet\OverbyteIcsNsLookup.dpr
Delphi\Internet\OverbyteIcsNsLookup.res
Delphi\Internet\OverbyteIcsNsLookup1.dfm
Delphi\Internet\OverbyteIcsNsLookup1.pas

Delphi\Internet\OverbyteIcsPingTst.dof
Delphi\Internet\OverbyteIcsPingTst.dpr
Delphi\Internet\OverbyteIcsPingTst.res
Delphi\Internet\OverbyteIcsPingTst1.dfm
Delphi\Internet\OverbyteIcsPingTst1.pas

Delphi\Internet\OverbyteIcsTcpSrv.dof
Delphi\Internet\OverbyteIcsTcpSrv.dpr
Delphi\Internet\OverbyteIcsTcpSrv.res
Delphi\Internet\OverbyteIcsTcpSrv1.dfm
Delphi\Internet\OverbyteIcsTcpSrv1.pas

Delphi\Internet\OverbyteIcsTelnetClient.dof
Delphi\Internet\OverbyteIcsTelnetClient.dpr
Delphi\Internet\OverbyteIcsTelnetClient.res
Delphi\Internet\OverbyteIcsTelnetClient1.dfm
Delphi\Internet\OverbyteIcsTelnetClient1.pas

Delphi\Internet\OverbyteIcsWebServ.dof
Delphi\Internet\OverbyteIcsWebServ.dpr
Delphi\Internet\OverbyteIcsWebServ.res
Delphi\Internet\OverbyteIcsWebServ1.dfm
Delphi\Internet\OverbyteIcsWebServ1.pas

Delphi\Internet\WebServData\wwwRoot\Applet.html
Delphi\Internet\WebServData\wwwRoot\Form.html
Delphi\Internet\WebServData\wwwRoot\HelloWorld.class
Delphi\Internet\WebServData\wwwRoot\HelloWorld.java
Delphi\Internet\WebServData\wwwRoot\Index.html
Delphi\Internet\WebServData\wwwRoot\Styles\Styles.css
Delphi\Internet\WebServData\Template\FormData.html
Delphi\Internet\WebServData\Template\FormData1.html
Delphi\Internet\WebServData\Template\TemplateDemo.html

Delphi\Internet\OverbyteIcsWebAppServer.dof
Delphi\Internet\OverbyteIcsWebAppServer.dpr
Delphi\Internet\OverbyteIcsWebAppServer.res
Delphi\Internet\OverbyteIcsWebAppServerMain.pas
Delphi\Internet\OverbyteIcsWebAppServerMain.dfm
Delphi\Internet\OverbyteIcsWebAppServerLogin.pas
Delphi\Internet\OverbyteIcsWebAppServerHomePage.pas
Delphi\Internet\OverbyteIcsWebAppServerHelloWorld.pas
Delphi\Internet\OverbyteIcsWebAppServerCounter.pas
Delphi\Internet\OverbyteIcsWebAppServerCounterView.pas
Delphi\Internet\OverbyteIcsWebAppServerConfig.pas
Delphi\Internet\OverbyteIcsWebAppServerHttpHandlerBase.pas
Delphi\Internet\OverbyteIcsWebAppServerSessionData.pas
Delphi\Internet\OverbyteIcsWebAppServerUrlDefs.pas
Delphi\Internet\OverbyteIcsWebAppServerDataModule.pas
Delphi\Internet\OverbyteIcsWebAppServerDataModule.dfm
Delphi\Internet\OverbyteIcsWebAppServerMailer.pas
Delphi\Internet\WebAppServerData\Templates\Config.html
Delphi\Internet\WebAppServerData\Templates\ConfigConfirm.html
Delphi\Internet\WebAppServerData\Templates\CounterView.html
Delphi\Internet\WebAppServerData\Templates\HomePage.html
Delphi\Internet\WebAppServerData\Templates\JavascriptError.html
Delphi\Internet\WebAppServerData\Templates\LoginForm.html
Delphi\Internet\WebAppServerData\Templates\Moved.html
Delphi\Internet\WebAppServerData\Templates\NotLogged.html
Delphi\Internet\WebAppServerData\Templates\maildone.html
Delphi\Internet\WebAppServerData\Templates\mailer.html
Delphi\Internet\WebAppServerData\wwwRoot\Images\Logo.png
Delphi\Internet\WebAppServerData\wwwRoot\Js\md5.js

Delphi\Internet\OverbyteIcsConSmtp.dpr
Delphi\Internet\OverbyteIcsConSmtp.dof

Delphi\Internet\OverbyteIcsBasFtp.dof
Delphi\Internet\OverbyteIcsBasFtp.dpr
Delphi\Internet\OverbyteIcsBasFtp.res
Delphi\Internet\OverbyteIcsBasFtp1.dfm
Delphi\Internet\OverbyteIcsBasFtp1.pas

Delphi\Internet\OverbyteIcsBasNntp.dof
Delphi\Internet\OverbyteIcsBasNntp.dpr
Delphi\Internet\OverbyteIcsBasNntp.res
Delphi\Internet\OverbyteIcsBasNntp1.pas
Delphi\Internet\OverbyteIcsBasNntp1.dfm

Delphi\Internet\OverbyteIcsClient5.dof
Delphi\Internet\OverbyteIcsClient5.dpr
Delphi\Internet\OverbyteIcsClient5.res
Delphi\Internet\OverbyteIcsCli5.pas
Delphi\Internet\OverbyteIcsCli5.dfm

Delphi\Internet\OverbyteIcsClient7.dof
Delphi\Internet\OverbyteIcsClient7.dpr
Delphi\Internet\OverbyteIcsClient7.res
Delphi\Internet\OverbyteIcsCli7.pas
Delphi\Internet\OverbyteIcsCli7.dfm

Delphi\Internet\OverbyteIcsConCli1.dpr
Delphi\Internet\OverbyteIcsConCli1.dof

Delphi\Internet\OverbyteIcsConCli2.dpr
Delphi\Internet\OverbyteIcsConCli2.dof

Delphi\Internet\OverbyteIcsConPing.dpr
Delphi\Internet\OverbyteIcsConPing.dof

Delphi\Internet\OverbyteIcsConPop3.dpr
Delphi\Internet\OverbyteIcsConPop3.dof

Delphi\Internet\OverbyteIcsConSrv1.dpr
Delphi\Internet\OverbyteIcsConSrv1.dof
Delphi\Internet\OverbyteIcsConSrv1C.pas
Delphi\Internet\OverbyteIcsConSrv1S.pas

Delphi\Internet\OverbyteIcsConUdpLstn.dpr
Delphi\Internet\OverbyteIcsConUdpLstn.dof

Delphi\Internet\OverbyteIcsDll1.dpr
Delphi\Internet\OverbyteIcsDll1.dof

Delphi\Internet\OverbyteIcsDll2.dpr
Delphi\Internet\OverbyteIcsDll2.dof

Delphi\Internet\OverbyteIcsDllTst.dpr
Delphi\Internet\OverbyteIcsDllTst.res
Delphi\Internet\OverbyteIcsDllTst.dof
Delphi\Internet\OverbyteIcsDllTst1.pas
Delphi\Internet\OverbyteIcsDllTst1.dfm

Delphi\Internet\OverbyteIcsDynCli.dpr
Delphi\Internet\OverbyteIcsDynCli.res
Delphi\Internet\OverbyteIcsDynCli.dof
Delphi\Internet\OverbyteIcsDynCli1.pas
Delphi\Internet\OverbyteIcsDynCli1.dfm

Delphi\Internet\OverbyteIcsFinger.dpr
Delphi\Internet\OverbyteIcsFinger.res
Delphi\Internet\OverbyteIcsFinger.dof
Delphi\Internet\OverbyteIcsFinger1.pas
Delphi\Internet\OverbyteIcsFinger1.dfm

Delphi\Internet\OverbyteIcsFtpAsy.dpr
Delphi\Internet\OverbyteIcsFtpAsy.res
Delphi\Internet\OverbyteIcsFtpAsy.dof
Delphi\Internet\OverbyteIcsFtpAsy1.pas
Delphi\Internet\OverbyteIcsFtpAsy1.dfm

Delphi\Internet\OverbyteIcsFtpMulti.dpr
Delphi\Internet\OverbyteIcsFtpMulti.res
Delphi\Internet\OverbyteIcsFtpMulti.dof
Delphi\Internet\OverbyteIcsFtpMulti1.pas
Delphi\Internet\OverbyteIcsFtpMulti1.dfm

Delphi\Internet\OverbyteIcsFtpThrd.dpr
Delphi\Internet\OverbyteIcsFtpThrd.res
Delphi\Internet\OverbyteIcsFtpThrd.dof
Delphi\Internet\OverbyteIcsFtpThrd1.pas
Delphi\Internet\OverbyteIcsFtpThrd1.dfm

Delphi\Internet\OverbyteIcsHttpChk.dpr
Delphi\Internet\OverbyteIcsHttpChk.res
Delphi\Internet\OverbyteIcsHttpChk.dof
Delphi\Internet\OverbyteIcsHttpChk1.pas
Delphi\Internet\OverbyteIcsHttpChk1.dfm

Delphi\Internet\OverbyteIcsHttpDmo.dpr
Delphi\Internet\OverbyteIcsHttpDmo.res
Delphi\Internet\OverbyteIcsHttpDmo.dof
Delphi\Internet\OverbyteIcsHttpDmo1.pas
Delphi\Internet\OverbyteIcsHttpDmo1.dfm

Delphi\Internet\OverbyteIcsHttpGet.dpr
Delphi\Internet\OverbyteIcsHttpGet.res
Delphi\Internet\OverbyteIcsHttpGet.dof
Delphi\Internet\OverbyteIcsHttpGet1.pas
Delphi\Internet\OverbyteIcsHttpGet1.dfm

Delphi\Internet\OverbyteIcsHttpPg.dpr
Delphi\Internet\OverbyteIcsHttpPg.res
Delphi\Internet\OverbyteIcsHttpPg.dof
Delphi\Internet\OverbyteIcsHttpPg1.pas
Delphi\Internet\OverbyteIcsHttpPg1.dfm

Delphi\Internet\OverbyteIcsHttpThrd.dpr
Delphi\Internet\OverbyteIcsHttpThrd.res
Delphi\Internet\OverbyteIcsHttpThrd.dof
Delphi\Internet\OverbyteIcsHttpThr1.pas
Delphi\Internet\OverbyteIcsHttpThr1.dfm
Delphi\Internet\OverbyteIcsHttpThr2.pas

Delphi\Internet\OverbyteIcsIsapi.dpr
Delphi\Internet\OverbyteIcsIsapi.res
Delphi\Internet\OverbyteIcsIsapi.dof
Delphi\Internet\OverbyteIcsIsapi1.pas
Delphi\Internet\OverbyteIcsIsapi1.dfm

Delphi\Internet\OverbyteIcsMailSndAsync.dpr
Delphi\Internet\OverbyteIcsMailSndAsync.res
Delphi\Internet\OverbyteIcsMailSndAsync.dof
Delphi\Internet\OverbyteIcsMailSndAsync1.pas
Delphi\Internet\OverbyteIcsMailSndAsync1.dfm

Delphi\Internet\OverbyteIcsMD5File.dpr
Delphi\Internet\OverbyteIcsMD5File.dof

Delphi\Internet\OverbyteIcsMtSrv.dpr
Delphi\Internet\OverbyteIcsMtSrv.res
Delphi\Internet\OverbyteIcsMtSrv.dof
Delphi\Internet\OverbyteIcsMtSrv1.pas
Delphi\Internet\OverbyteIcsMtSrv1.dfm
Delphi\Internet\OverbyteIcsMtSrv2.pas

Delphi\Internet\OverbyteIcsRecv.dpr
Delphi\Internet\OverbyteIcsRecv.res
Delphi\Internet\OverbyteIcsRecv.dof
Delphi\Internet\OverbyteIcsRecv1.pas
Delphi\Internet\OverbyteIcsRecv1.dfm

Delphi\Internet\OverbyteIcsServer5.dpr
Delphi\Internet\OverbyteIcsServer5.res
Delphi\Internet\OverbyteIcsServer5.dof
Delphi\Internet\OverbyteIcsSrv5.pas
Delphi\Internet\OverbyteIcsSrv5.dfm

Delphi\Internet\OverbyteIcsSender.dpr
Delphi\Internet\OverbyteIcsSender.res
Delphi\Internet\OverbyteIcsSender.dof
Delphi\Internet\OverbyteIcsSender1.pas
Delphi\Internet\OverbyteIcsSender1.dfm

Delphi\Internet\OverbyteIcsSocksTst.dpr
Delphi\Internet\OverbyteIcsSocksTst.res
Delphi\Internet\OverbyteIcsSocksTst.dof
Delphi\Internet\OverbyteIcsSocksTst1.pas
Delphi\Internet\OverbyteIcsSocksTst1.dfm

Delphi\Internet\OverbyteIcsSrvDemo.dpr
Delphi\Internet\OverbyteIcsSrvDemo.res
Delphi\Internet\OverbyteIcsSrvDemo.dof
Delphi\Internet\OverbyteIcsSrvDemo1.pas
Delphi\Internet\OverbyteIcsSrvDemo1.dfm
Delphi\Internet\OverbyteIcsSrvDemo2.pas
Delphi\Internet\OverbyteIcsSrvDemo2.dfm
Delphi\Internet\clients.DBF
Delphi\Internet\clients.MDX

Delphi\Internet\OverbyteIcsSrvTcp.dpr
Delphi\Internet\OverbyteIcsSrvTcp.res
Delphi\Internet\OverbyteIcsSrvTcp.dof
Delphi\Internet\OverbyteIcsSrvTcp1.pas
Delphi\Internet\OverbyteIcsSrvTcp1.dfm
Delphi\Internet\OverbyteIcsTcpCmd.pas

Delphi\Internet\OverbyteIcsSvcTcp.dpr
Delphi\Internet\OverbyteIcsSvcTcp.res
Delphi\Internet\OverbyteIcsSvcTcp.dof
Delphi\Internet\OverbyteIcsSvcTcp1.pas
Delphi\Internet\OverbyteIcsSvcTcp1.dfm

Delphi\Internet\OverbyteIcsThrdSrv.dpr
Delphi\Internet\OverbyteIcsThrdSrv.res
Delphi\Internet\OverbyteIcsThrdSrv.dof
Delphi\Internet\OverbyteIcsThrdSrv1.pas
Delphi\Internet\OverbyteIcsThrdSrv1.dfm

Delphi\Internet\OverbyteIcsThrdSrvV2.dpr
Delphi\Internet\OverbyteIcsThrdSrvV2.res
Delphi\Internet\OverbyteIcsThrdSrvV2.dof
Delphi\Internet\OverbyteIcsThrdSrvV2_1.pas
Delphi\Internet\OverbyteIcsThrdSrvV2_1.dfm

Delphi\Internet\OverbyteIcsThrdSrvV3.dpr
Delphi\Internet\OverbyteIcsThrdSrvV3.res
Delphi\Internet\OverbyteIcsThrdSrvV3.dof
Delphi\Internet\OverbyteIcsThrdSrvV3_1.pas
Delphi\Internet\OverbyteIcsThrdSrvV3_1.dfm

Delphi\Internet\OverbyteIcsTnDemo.dpr
Delphi\Internet\OverbyteIcsTnDemo.res
Delphi\Internet\OverbyteIcsTnDemo.dof
Delphi\Internet\OverbyteIcsTnDemo1.pas
Delphi\Internet\OverbyteIcsTnDemo1.dfm

Delphi\Internet\OverbyteIcsTnSrv.dpr
Delphi\Internet\OverbyteIcsTnSrv.res
Delphi\Internet\OverbyteIcsTnSrv.dof
Delphi\Internet\OverbyteIcsTnSrv1.pas
Delphi\Internet\OverbyteIcsTnSrv1.dfm
Delphi\Internet\OverbyteIcsTnSrv2.pas
Delphi\Internet\OverbyteIcsTnSrv2.dfm

Delphi\Internet\OverbyteIcsTWSChat.dpr
Delphi\Internet\OverbyteIcsTWSChat.res
Delphi\Internet\OverbyteIcsTWSChat.dof
Delphi\Internet\OverbyteIcsTWSChat1.pas
Delphi\Internet\OverbyteIcsTWSChat1.dfm

Delphi\Internet\OverbyteIcsUdpLstn.dpr
Delphi\Internet\OverbyteIcsUdpLstn.res
Delphi\Internet\OverbyteIcsUdpLstn.dof
Delphi\Internet\OverbyteIcsUdpLstn1.pas
Delphi\Internet\OverbyteIcsUdpLstn1.dfm

Delphi\Internet\OverbyteIcsUdpSend.dpr
Delphi\Internet\OverbyteIcsUdpSend.res
Delphi\Internet\OverbyteIcsUdpSend.dof
Delphi\Internet\OverbyteIcsUdpSend1.pas
Delphi\Internet\OverbyteIcsUdpSend1.dfm

Delphi\Internet\OverbyteIcsDemoTemplate.dof
Delphi\Internet\OverbyteIcsDemoTemplate.dpr
Delphi\Internet\OverbyteIcsDemoTemplate1.pas
Delphi\Internet\OverbyteIcsDemoTemplate1.dfm

Delphi\Internet\OverbyteIcsRestDemo.dpr
Delphi\Internet\OverbyteIcsRestDemo.dof
Delphi\Internet\OverbyteIcsRestDemo.res
Delphi\Internet\OverbyteIcsRestDemo1.dfm
Delphi\Internet\OverbyteIcsRestDemo1.pas

Delphi\Internet\OverbyteIcsRestJsonClientDemo.dpr
Delphi\Internet\OverbyteIcsRestJsonClientDemo.dof
Delphi\Internet\OverbyteIcsRestJsonClientDemo.res
Delphi\Internet\OverbyteIcsRestJsonClientDemo1.pas
Delphi\Internet\OverbyteIcsRestJsonClientDemo1.dfm

Delphi\Internet\Browser\AuthUnit.dfm            
Delphi\Internet\Browser\AuthUnit.pas            
Delphi\Internet\Browser\CachUnitId.pas          
Delphi\Internet\Browser\DownLoadId.dfm          
Delphi\Internet\Browser\DownLoadId.pas          
Delphi\Internet\Browser\fbHelp32.res            
Delphi\Internet\Browser\FBUnitIcs.dfm           
Delphi\Internet\Browser\FBUnitIcs.pas
Delphi\Internet\Browser\FrameBrowserIcs.dof           
Delphi\Internet\Browser\FrameBrowserIcs.dpr     
Delphi\Internet\Browser\FrameBrowserIcs.res     
Delphi\Internet\Browser\Gopage.dfm              
Delphi\Internet\Browser\Gopage.pas              
Delphi\Internet\Browser\grid.res              
Delphi\Internet\Browser\HTMLAbt.dfm             
Delphi\Internet\Browser\HTMLAbt.pas             
Delphi\Internet\Browser\logwin.dfm              
Delphi\Internet\Browser\logwin.pas              
Delphi\Internet\Browser\manifest.res            
Delphi\Internet\Browser\PreviewForm.dfm         
Delphi\Internet\Browser\PreviewForm.pas         
Delphi\Internet\Browser\PrintStatusForm.dfm     
Delphi\Internet\Browser\PrintStatusForm.pas     
Delphi\Internet\Browser\ProxyDlg.dfm            
Delphi\Internet\Browser\ProxyDlg.pas            
Delphi\Internet\Browser\UrlConIcs.pas           
Delphi\Internet\Browser\Resources\fbHelp.rc                            
Delphi\Internet\Browser\Resources\Page0.htm                            
Delphi\Internet\Browser\Resources\PAGE1.HTM                            
Delphi\Internet\Browser\Resources\PAGE3.HTM                            
Delphi\Internet\Browser\Resources\PAGE4.HTM                            
Delphi\Internet\Browser\Resources\PAGE5.HTM                            
Delphi\Internet\Browser\Resources\PAGE7.HTM                            
Delphi\Internet\Browser\Resources\starcross.avi                        
Delphi\Internet\Browser\Resources\STYLE.CSS                            
Delphi\Internet\Browser\Resources\TabBot.gif                           
Delphi\Internet\Browser\Resources\TabTop.gif                           
Delphi\Internet\Browser\Resources\XLeft1.htm                           

Delphi\Internet\OverbyteIcsSnmpCliTst.dpr
Delphi\Internet\OverbyteIcsSnmpCliTst.dof
Delphi\Internet\OverbyteIcsSnmpCliTst.res
Delphi\Internet\OverbyteIcsSnmpCliTst1.dfm
Delphi\Internet\OverbyteIcsSnmpCliTst1.pas

Delphi\SslInternet\Dcu\dir.txt
Delphi\SslInternet\SslCerts\IcsSslBuildCerts.bat
Delphi\SslInternet\SslCerts\openssl.conf

Delphi\SslInternet\Server.pem
Delphi\SslInternet\01key.pem
Delphi\SslInternet\cacert.pem
Delphi\SslInternet\client.pem
Delphi\SslInternet\root.pem
Delphi\SslInternet\01cert.pem
Delphi\SslInternet\TrustedCABundle.pem
Delphi\SslInternet\TrustedCaStore\6F6359FC.0

Delphi\SslInternet\OverbyteIcsSslDemo.bpg

Delphi\SslInternet\OverbyteIcsHttpsTst.dpr
Delphi\SslInternet\OverbyteIcsHttpsTst.dof
Delphi\SslInternet\OverbyteIcsHttpsTst.res
Delphi\SslInternet\OverbyteIcsHttpsTst1.dfm
Delphi\SslInternet\OverbyteIcsHttpsTst1.pas
Delphi\SslInternet\OverbyteIcsCliCertDlg.dfm
Delphi\SslInternet\OverbyteIcsCliCertDlg.pas

Delphi\SslInternet\OverbyteIcsHttpsServer.dpr
Delphi\SslInternet\OverbyteIcsHttpsServer.dof
Delphi\SslInternet\OverbyteIcsHttpsServer.res
Delphi\SslInternet\OverbyteIcsHttpsServer1.dfm
Delphi\SslInternet\OverbyteIcsHttpsServer1.pas

Delphi\SslInternet\OverbyteIcsSslWebServ.dpr
Delphi\SslInternet\OverbyteIcsSslWebServ.dof
Delphi\SslInternet\OverbyteIcsSslWebServ.res
Delphi\SslInternet\OverbyteIcsSslWebServ1.dfm
Delphi\SslInternet\OverbyteIcsSslWebServ1.pas

Delphi\SslInternet\OverbyteIcsSimpleSslCli.dpr
Delphi\SslInternet\OverbyteIcsSimpleSslCli.dof
Delphi\SslInternet\OverbyteIcsSimpleSslCli.res
Delphi\SslInternet\OverbyteIcsSimpleSslCli1.dfm
Delphi\SslInternet\OverbyteIcsSimpleSslCli1.pas

Delphi\SslInternet\OverbyteIcsSslFtpTst.dpr
Delphi\SslInternet\OverbyteIcsSslFtpTst.dof
Delphi\SslInternet\OverbyteIcsSslFtpTst.res
Delphi\SslInternet\OverbyteIcsSslFtpTst1.dfm
Delphi\SslInternet\OverbyteIcsSslFtpTst1.pas
Delphi\SslInternet\OverbyteIcsSslFtpTst2.dfm
Delphi\SslInternet\OverbyteIcsSslFtpTst2.pas

Delphi\SslInternet\OverbyteIcsSslFtpServ.dpr
Delphi\SslInternet\OverbyteIcsSslFtpServ.dof
Delphi\SslInternet\OverbyteIcsSslFtpServ1.dfm
Delphi\SslInternet\OverbyteIcsSslFtpServ1.pas
Delphi\SslInternet\OverbyteIcsSslFtpServ.res
Delphi\SslInternet\ftpaccounts-default.ini
Delphi\SslInternet\ftpaccounts-[127.0.0.1].ini

Delphi\SslInternet\OverbyteIcsSslMailSnd.dpr
Delphi\SslInternet\OverbyteIcsSslMailSnd.dof
Delphi\SslInternet\OverbyteIcsSslMailSnd.res
Delphi\SslInternet\OverbyteIcsSslMailSnd1.dfm
Delphi\SslInternet\OverbyteIcsSslMailSnd1.pas

Delphi\SslInternet\OverbyteIcsSslMailRcv.dpr
Delphi\SslInternet\OverbyteIcsSslMailRcv.dof
Delphi\SslInternet\OverbyteIcsSslMailRcv.res
Delphi\SslInternet\OverbyteIcsSslMailRcv1.dfm
Delphi\SslInternet\OverbyteIcsSslMailRcv1.pas
Delphi\SslInternet\OverbyteIcsSslMailRcv2.dfm
Delphi\SslInternet\OverbyteIcsSslMailRcv2.pas

Delphi\SslInternet\OverbyteIcsSslNewsRdr.dpr
Delphi\SslInternet\OverbyteIcsSslNewsRdr.dof
Delphi\SslInternet\OverbyteIcsSslNewsRdr.res
Delphi\SslInternet\OverbyteIcsSslNewsRdr1.dfm
Delphi\SslInternet\OverbyteIcsSslNewsRdr1.pas

Delphi\SslInternet\OverbyteIcsSimpleSslServer.dpr
Delphi\SslInternet\OverbyteIcsSimpleSslServer.dof
Delphi\SslInternet\OverbyteIcsSimpleSslServer.res
Delphi\SslInternet\OverbyteIcsSimpleSslServer1.dfm
Delphi\SslInternet\OverbyteIcsSimpleSslServer1.pas

Delphi\SslInternet\OverbyteIcsPemTool.dpr
Delphi\SslInternet\OverbyteIcsPemTool.dof
Delphi\SslInternet\OverbyteIcsPemTool.res
Delphi\SslInternet\OverbyteIcsPemTool1.dfm
Delphi\SslInternet\OverbyteIcsPemTool1.pas
Delphi\SslInternet\OverbyteIcsPemTool2.pas
Delphi\SslInternet\OverbyteIcsPemTool2.dfm
Delphi\SslInternet\OverbyteIcsPemTool3.pas
Delphi\SslInternet\OverbyteIcsPemTool3.dfm

Delphi\SslInternet\OverbyteIcsSslX509Utils.pas

Delphi\SslInternet\OverbyteIcsSslSniSrv.dpr
Delphi\SslInternet\OverbyteIcsSslSniSrv.dof
Delphi\SslInternet\OverbyteIcsSslSniSrv.res
Delphi\SslInternet\OverbyteIcsSslSniSrv1.dfm
Delphi\SslInternet\OverbyteIcsSslSniSrv1.pas

Delphi\SslInternet\WinCrypt.pas
Delphi\SslInternet\JwaWinCrypt.pas
Delphi\SslInternet\CryptUiApi.pas
Delphi\SslInternet\OverbyteIcsMsSslUtils.pas

Delphi\SslInternet\OverbyteIcsMsVerify.dpr
Delphi\SslInternet\OverbyteIcsMsVerify.dof
Delphi\SslInternet\OverbyteIcsMsVerify.res
Delphi\SslInternet\OverbyteIcsMsVerify1.dfm
Delphi\SslInternet\OverbyteIcsMsVerify1.pas

Delphi\MiscDemos\Dcu\dir.txt
Delphi\MiscDemos\OverbyteIcsMiscDemos.bpg

Delphi\MiscDemos\OverbyteIcsCacheTest.dpr
Delphi\MiscDemos\OverbyteIcsCacheTest.dof
Delphi\MiscDemos\OverbyteIcsCacheTest1.pas
Delphi\MiscDemos\OverbyteIcsCacheTest1.dfm
Delphi\MiscDemos\OverbyteIcsCacheTest.res
Delphi\MiscDemos\Dictionary.txt

Delphi\MiscDemos\OverbyteIcsMD4Test.dof
Delphi\MiscDemos\OverbyteIcsMD4Test.dpr

Delphi\MiscDemos\OverbyteIcsMD5Test.dof
Delphi\MiscDemos\OverbyteIcsMD5Test.dpr
Delphi\MiscDemos\OverbyteIcsMD5Test.res
Delphi\MiscDemos\OverbyteIcsMD5Test1.dfm
Delphi\MiscDemos\OverbyteIcsMD5Test1.pas

Delphi\MiscDemos\OverbyteIcsSHA1Test.dof
Delphi\MiscDemos\OverbyteIcsSHA1Test.dpr
Delphi\MiscDemos\OverbyteIcsSHA1Test.res
Delphi\MiscDemos\OverbyteIcsSHA1Test1.dfm
Delphi\MiscDemos\OverbyteIcsSHA1Test1.pas

Delphi\MiscDemos\OverbyteIcsOneTimePassword.dof
Delphi\MiscDemos\OverbyteIcsOneTimePassword.dpr
Delphi\MiscDemos\OverbyteIcsOneTimePassword.res
Delphi\MiscDemos\OverbyteIcsOneTimePassword1.pas
Delphi\MiscDemos\OverbyteIcsOneTimePassword1.dfm

Delphi\MiscDemos\OverbyteIcsTimerDemo.dof
Delphi\MiscDemos\OverbyteIcsTimerDemo.dpr
Delphi\MiscDemos\OverbyteIcsTimerDemo.res
Delphi\MiscDemos\OverbyteIcsTimerDemo1.dfm
Delphi\MiscDemos\OverbyteIcsTimerDemo1.pas

Delphi\MiscDemos\OverbyteIcsWndControlTest.dof
Delphi\MiscDemos\OverbyteIcsWndControlTest.dpr
Delphi\MiscDemos\OverbyteIcsWndControlTest.res
Delphi\MiscDemos\OverbyteIcsWndControlTest1.dfm
Delphi\MiscDemos\OverbyteIcsWndControlTest1.pas

Delphi\MiscDemos\OverbyteIcsRtlTest.dof
Delphi\MiscDemos\OverbyteIcsRtlTest.dpr

Delphi\MiscDemos\OverbyteIcsBufStrmTst.dof
Delphi\MiscDemos\OverbyteIcsBufStrmTst.dpr
Delphi\MiscDemos\OverbyteIcsBufStrmTst.res
Delphi\MiscDemos\OverbyteIcsBufStrmTst1.dfm
Delphi\MiscDemos\OverbyteIcsBufStrmTst1.pas

Delphi\MiscDemos\OverbyteIcsThreadTimerDemo.dof
Delphi\MiscDemos\OverbyteIcsThreadTimerDemo.dpr
Delphi\MiscDemos\OverbyteIcsThreadTimerDemo.res
Delphi\MiscDemos\OverbyteIcsThreadTimerDemo1.pas
Delphi\MiscDemos\OverbyteIcsThreadTimerDemo1.dfm
Delphi\MiscDemos\FastAppProcessMessagePatch.pas

Delphi\MiscDemos\OverbyteIcsPrngTst.dpr
Delphi\MiscDemos\OverbyteIcsPrngTst1.pas
Delphi\MiscDemos\OverbyteIcsPrngTst1.dfm
