ZipOverbyteIcsV6beta.bat
7-ZipOverbyteIcsV6beta.bat
ZipOverbyteIcsV6beta.lst
ReadMeOverbyteIcsV6beta.txt
IcsMidwareCodingStyle.doc
ReadMe6.txt
Clean.bat

Delphi\Internet\fp_small.gif
Delphi\Internet\ics_logo.gif
Delphi\Internet\OverbyteIcsConFtp.bdsproj
Delphi\Internet\OverbyteIcsConFtp.dpr
Delphi\Internet\OverbyteIcsConFtp.dproj
Delphi\Internet\OverbyteIcsDel100Sam.bdsgroup
Delphi\Internet\OverByteIcsDel110Sam.groupproj
Delphi\Internet\OverbyteIcsDel70Sam.bpg

Delphi\Internet\OverbyteIcsDnsLook.bdsproj
Delphi\Internet\OverbyteIcsDnsLook.dproj
Delphi\Internet\OverbyteIcsDnsLook.dpr
Delphi\Internet\OverbyteIcsDnsLook.res
Delphi\Internet\OverbyteIcsDnsLook1.pas
Delphi\Internet\OverbyteIcsDnsLook1.dfm

Delphi\Internet\OverbyteIcsDnsResolver.bdsproj
Delphi\Internet\OverbyteIcsDnsResolver.dproj
Delphi\Internet\OverbyteIcsDnsResolver.dpr
Delphi\Internet\OverbyteIcsDnsResolver.res
Delphi\Internet\OverbyteIcsDnsResolver1.pas
Delphi\Internet\OverbyteIcsDnsResolver1.dfm

Delphi\Internet\OverbyteIcsHttpMultipartDownload.bdsproj
Delphi\Internet\OverbyteIcsHttpMultipartDownload.dpr
Delphi\Internet\OverbyteIcsHttpMultipartDownload.dproj
Delphi\Internet\OverbyteIcsHttpMultipartDownload.res
Delphi\Internet\OverbyteIcsHttpMultipartDownload1.dfm
Delphi\Internet\OverbyteIcsHttpMultipartDownload1.pas

Delphi\Internet\OverbyteIcsFtpMultipartDownload.bdsproj
Delphi\Internet\OverbyteIcsFtpMultipartDownload.dpr
Delphi\Internet\OverbyteIcsFtpMultipartDownload.dproj
Delphi\Internet\OverbyteIcsFtpMultipartDownload.res
Delphi\Internet\OverbyteIcsFtpMultipartDownload1.dfm
Delphi\Internet\OverbyteIcsFtpMultipartDownload1.pas

Delphi\Internet\OverbyteIcsFtpServ.bdsproj
Delphi\Internet\OverbyteIcsFtpServ.dpr
Delphi\Internet\OverbyteIcsFtpServ.dproj
Delphi\Internet\OverbyteIcsFtpServ.res
Delphi\Internet\OverbyteIcsFtpServ1.dfm
Delphi\Internet\OverbyteIcsFtpServ1.pas
Delphi\Internet\OverbyteIcsFtpTst.bdsproj
Delphi\Internet\OverbyteIcsFtpTst.dpr
Delphi\Internet\OverbyteIcsFtpTst.dproj
Delphi\Internet\OverbyteIcsFtpTst.res
Delphi\Internet\OverbyteIcsFtpTst1.dfm
Delphi\Internet\OverbyteIcsFtpTst1.pas
Delphi\Internet\OverbyteIcsFtpTst2.dfm
Delphi\Internet\OverbyteIcsFtpTst2.pas
Delphi\Internet\OverbyteIcsHttpPost.bdsproj
Delphi\Internet\OverbyteIcsHttpPost.dpr
Delphi\Internet\OverbyteIcsHttpPost.dproj
Delphi\Internet\OverbyteIcsHttpPost.res
Delphi\Internet\OverbyteIcsHttpPost1.dfm
Delphi\Internet\OverbyteIcsHttpPost1.pas
Delphi\Internet\OverbyteIcsHttpTst.bdsproj
Delphi\Internet\OverbyteIcsHttpTst.dpr
Delphi\Internet\OverbyteIcsHttpTst.dproj
Delphi\Internet\OverbyteIcsHttpTst.res
Delphi\Internet\OverbyteIcsHttpTst1.dfm
Delphi\Internet\OverbyteIcsHttpTst1.pas
Delphi\Internet\OverbyteIcsMailRcv.bdsproj
Delphi\Internet\OverbyteIcsMailRcv.dpr
Delphi\Internet\OverbyteIcsMailRcv.dproj
Delphi\Internet\OverbyteIcsMailRcv.res
Delphi\Internet\OverbyteIcsMailRcv1.dfm
Delphi\Internet\OverbyteIcsMailRcv1.pas
Delphi\Internet\OverbyteIcsMailRcv2.dfm
Delphi\Internet\OverbyteIcsMailRcv2.pas
Delphi\Internet\OverbyteIcsMailHtml.dproj
Delphi\Internet\OverbyteIcsMailHtml.dpr
Delphi\Internet\OverbyteIcsMailHtml.res
Delphi\Internet\OverbyteIcsMailHtm1.dfm
Delphi\Internet\OverbyteIcsMailHtm1.pas
Delphi\Internet\OverbyteIcsMailSnd.bdsproj
Delphi\Internet\OverbyteIcsMailSnd.dpr
Delphi\Internet\OverbyteIcsMailSnd.dproj
Delphi\Internet\OverbyteIcsMailSnd.res
Delphi\Internet\OverbyteIcsMailSnd1.dfm
Delphi\Internet\OverbyteIcsMailSnd1.pas
Delphi\Internet\OverbyteIcsMD4Test.bdsproj
Delphi\Internet\OverbyteIcsMD4Test.dpr
Delphi\Internet\OverbyteIcsMD4Test.dproj
Delphi\Internet\OverbyteIcsMD5Test.bdsproj
Delphi\Internet\OverbyteIcsMD5Test.dpr
Delphi\Internet\OverbyteIcsMD5Test.dproj
Delphi\Internet\OverbyteIcsMD5Test.res
Delphi\Internet\OverbyteIcsMD5Test1.dfm
Delphi\Internet\OverbyteIcsMD5Test1.pas
Delphi\Internet\OverbyteIcsMimeDemo.bdsproj
Delphi\Internet\OverbyteIcsMimeDemo.dpr
Delphi\Internet\OverbyteIcsMimeDemo.dproj
Delphi\Internet\OverbyteIcsMimeDemo.res
Delphi\Internet\OverbyteIcsMimeDemo1.dfm
Delphi\Internet\OverbyteIcsMimeDemo1.pas
Delphi\Internet\OverbyteIcsNewsReader.bdsproj
Delphi\Internet\OverbyteIcsNewsReader.dpr
Delphi\Internet\OverbyteIcsNewsReader.dproj
Delphi\Internet\OverbyteIcsNewsReader.res
Delphi\Internet\OverbyteIcsNewsReader1.dfm
Delphi\Internet\OverbyteIcsNewsReader1.pas
Delphi\Internet\OverbyteIcsNsLookup.bdsproj
Delphi\Internet\OverbyteIcsNsLookup.dpr
Delphi\Internet\OverbyteIcsNsLookup.dproj
Delphi\Internet\OverbyteIcsNsLookup.res
Delphi\Internet\OverbyteIcsNsLookup1.dfm
Delphi\Internet\OverbyteIcsNsLookup1.pas

Delphi\Internet\OverbyteIcsOneTimePassword.dpr
Delphi\Internet\OverbyteIcsOneTimePassword.res
Delphi\Internet\OverbyteIcsOneTimePassword.dproj
Delphi\Internet\OverbyteIcsOneTimePassword1.pas
Delphi\Internet\OverbyteIcsOneTimePassword1.dfm

Delphi\Internet\OverbyteIcsPingTst.bdsproj
Delphi\Internet\OverbyteIcsPingTst.dpr
Delphi\Internet\OverbyteIcsPingTst.dproj
Delphi\Internet\OverbyteIcsPingTst.res
Delphi\Internet\OverbyteIcsPingTst1.dfm
Delphi\Internet\OverbyteIcsPingTst1.pas
Delphi\Internet\OverbyteIcsSHA1Test.bdsproj
Delphi\Internet\OverbyteIcsSHA1Test.dpr
Delphi\Internet\OverbyteIcsSHA1Test.res
Delphi\Internet\OverbyteIcsSHA1Test.dproj
Delphi\Internet\OverbyteIcsSHA1Test1.dfm
Delphi\Internet\OverbyteIcsSHA1Test1.pas
Delphi\Internet\OverbyteIcsTcpSrv.bdsproj
Delphi\Internet\OverbyteIcsTcpSrv.dpr
Delphi\Internet\OverbyteIcsTcpSrv.dproj
Delphi\Internet\OverbyteIcsTcpSrv.res
Delphi\Internet\OverbyteIcsTcpSrv1.dfm
Delphi\Internet\OverbyteIcsTcpSrv1.pas
Delphi\Internet\OverbyteIcsTelnetClient.bdsproj
Delphi\Internet\OverbyteIcsTelnetClient.dpr
Delphi\Internet\OverbyteIcsTelnetClient.dproj
Delphi\Internet\OverbyteIcsTelnetClient.res
Delphi\Internet\OverbyteIcsTelnetClient1.dfm
Delphi\Internet\OverbyteIcsTelnetClient1.pas
Delphi\Internet\OverbyteIcsTimerDemo.bdsproj
Delphi\Internet\OverbyteIcsTimerDemo.dpr
Delphi\Internet\OverbyteIcsTimerDemo.res
Delphi\Internet\OverbyteIcsTimerDemo.dproj
Delphi\Internet\OverbyteIcsTimerDemo1.dfm
Delphi\Internet\OverbyteIcsTimerDemo1.pas
Delphi\Internet\OverbyteIcsWebServ.bdsproj
Delphi\Internet\OverbyteIcsWebServ.dpr
Delphi\Internet\OverbyteIcsWebServ.dproj
Delphi\Internet\OverbyteIcsWebServ.res
Delphi\Internet\OverbyteIcsWebServ1.dfm
Delphi\Internet\OverbyteIcsWebServ1.pas
Delphi\Internet\OverbyteIcsWndControlTest.bdsproj
Delphi\Internet\OverbyteIcsWndControlTest.dpr
Delphi\Internet\OverbyteIcsWndControlTest.dproj
Delphi\Internet\OverbyteIcsWndControlTest.res
Delphi\Internet\OverbyteIcsWndControlTest1.dfm
Delphi\Internet\OverbyteIcsWndControlTest1.pas

Delphi\Internet\WebServData\wwwRoot\Applet.html
Delphi\Internet\WebServData\wwwRoot\Form.html
Delphi\Internet\WebServData\wwwRoot\HelloWorld.class
Delphi\Internet\WebServData\wwwRoot\HelloWorld.java
Delphi\Internet\WebServData\wwwRoot\Index.html
Delphi\Internet\WebServData\wwwRoot\Styles\Styles.css
Delphi\Internet\WebServData\Template\FormData.html
Delphi\Internet\WebServData\Template\FormData1.html
Delphi\Internet\WebServData\Template\TemplateDemo.html

Delphi\Vc32\OverbyteIcsMultiProgressBar.pas
Delphi\Vc32\OverbyteIcsMultiProgressBar.dcr
Delphi\Vc32\OverbyteIcsMultipartHttpDownloader.pas
Delphi\Vc32\OverbyteIcsMultipartHttpDownloader.dcr
Delphi\Vc32\OverbyteIcsMultipartFtpDownloader.pas
Delphi\Vc32\OverbyteIcsMultipartFtpDownloader.dcr
Delphi\Vc32\OverbyteIcsAvlTrees.pas
Delphi\Vc32\OverbyteIcsBcb100Package.bdsproj
Delphi\Vc32\OverbyteIcsBcb100Package.cpp
Delphi\Vc32\OverbyteIcsBcb100Package.res
Delphi\Vc32\OverbyteIcsCRC.pas
Delphi\Vc32\OverbyteIcsDefs.inc
Delphi\VC32\OverbyteIcsBcb110Package.cbproj
Delphi\VC32\OverbyteIcsBcb110Package.cpp
Delphi\VC32\OverbyteIcsBcb110Package.res
Delphi\Vc32\OverbyteIcsDel100Package.bdsproj
Delphi\Vc32\OverbyteIcsDel100Package.dpk
Delphi\Vc32\OverbyteIcsDel100Package.res
Delphi\Vc32\OverbyteIcsDel110Package.dpk
Delphi\Vc32\OverbyteIcsDel110Package.res
Delphi\Vc32\OverbyteIcsDel110Package.dproj
Delphi\Vc32\OverbyteIcsDel70.dpk
Delphi\Vc32\OverbyteIcsDel70.res
Delphi\Vc32\OverbyteIcsDES.pas
Delphi\Vc32\OverbyteIcsDnsQuery.dcr
Delphi\Vc32\OverbyteIcsDnsQuery.pas
Delphi\Vc32\OverbyteIcsEmulVT.dcr
Delphi\Vc32\OverbyteIcsEmulVT.pas
Delphi\Vc32\OverbyteIcsFingCli.dcr
Delphi\Vc32\OverbyteIcsFingCli.pas
Delphi\Vc32\OverbyteIcsFtpCli.dcr
Delphi\Vc32\OverbyteIcsFtpCli.pas
Delphi\Vc32\OverbyteIcsFtpSrv.dcr
Delphi\Vc32\OverbyteIcsFtpSrv.pas
Delphi\Vc32\OverbyteIcsFtpSrvC.pas
Delphi\Vc32\OverbyteIcsFtpSrvT.pas
Delphi\Vc32\OverbyteIcsHttpCCodZLib.pas
Delphi\Vc32\OverbyteIcsHttpContCod.pas
Delphi\Vc32\OverbyteIcsHttpProt.dcr
Delphi\Vc32\OverbyteIcsHttpProt.pas
Delphi\Vc32\OverbyteIcsHttpSrv.dcr
Delphi\Vc32\OverbyteIcsHttpSrv.pas
Delphi\Vc32\OverbyteIcsIcmp.pas
Delphi\Vc32\OverbyteIcsURL.pas
Delphi\Vc32\OverbyteIcsLibrary.pas
Delphi\Vc32\OverbyteIcsLogger.dcr
Delphi\Vc32\OverbyteIcsLogger.pas
Delphi\Vc32\OverbyteIcsMD4.pas
Delphi\Vc32\OverbyteIcsMD5.pas
Delphi\Vc32\OverbyteIcsMimeUtils.pas
Delphi\Vc32\OverbyteIcsMimeDec.pas
Delphi\Vc32\OverbyteIcsMimeDec.dcr
Delphi\Vc32\OverbyteIcsNntpCli.dcr
Delphi\Vc32\OverbyteIcsNntpCli.pas
Delphi\Vc32\OverbyteIcsNtlmMsgs.pas
Delphi\Vc32\OverbyteIcsNtlmSsp.pas
Delphi\Vc32\OverbyteIcsOneTimePw.pas
Delphi\Vc32\OverbyteIcsSspi.pas
Delphi\Vc32\OverbyteIcsPing.dcr
Delphi\Vc32\OverbyteIcsPing.pas
Delphi\Vc32\OverbyteIcsPop3Prot.dcr
Delphi\Vc32\OverbyteIcsPop3Prot.pas
Delphi\Vc32\OverbyteIcsSHA1.pas
Delphi\Vc32\OverbyteIcsSmtpProt.dcr
Delphi\Vc32\OverbyteIcsSmtpProt.pas
Delphi\Vc32\OverbyteIcsStreams.pas
Delphi\Vc32\OverbyteIcsTnCnx.dcr
Delphi\Vc32\OverbyteIcsTnCnx.pas
Delphi\Vc32\OverbyteIcsTnEmulVT.dcr
Delphi\Vc32\OverbyteIcsTnEmulVT.pas
Delphi\Vc32\OverbyteIcsTnOptFrm.dfm
Delphi\Vc32\OverbyteIcsTnOptFrm.pas
Delphi\Vc32\OverbyteIcsTnScript.dcr
Delphi\Vc32\OverbyteIcsTnScript.pas
Delphi\Vc32\OverbyteIcsTypes.pas
Delphi\Vc32\OverbyteIcsWinSock.pas
Delphi\Vc32\OverbyteIcsWinSock2.pas
Delphi\Vc32\OverbyteIcsWndControl.pas
Delphi\Vc32\OverbyteIcsWSockBuf.pas
Delphi\Vc32\OverbyteIcsWSocket.dcr
Delphi\Vc32\OverbyteIcsWSocket.pas
Delphi\Vc32\OverbyteIcsWSocket.TWSocket.bmp
Delphi\Vc32\OverbyteIcsWSocketE.pas
Delphi\Vc32\OverbyteIcsWSocketS.dcr
Delphi\Vc32\OverbyteIcsWSocketS.pas
Delphi\Vc32\OverbyteIcsZlib.inc
Delphi\Vc32\OverbyteIcsZLibDll.pas
Delphi\Vc32\OverbyteIcsZlibHigh.pas
Delphi\Vc32\OverbyteIcsZLibObj.pas
Delphi\vc32\ZOBJ123\adler32.obj
Delphi\vc32\ZOBJ123\compress.obj
Delphi\vc32\ZOBJ123\crc32.obj
Delphi\vc32\ZOBJ123\deflate.obj
Delphi\vc32\ZOBJ123\example.obj
Delphi\vc32\ZOBJ123\gzio.obj
Delphi\vc32\ZOBJ123\infback.obj
Delphi\vc32\ZOBJ123\inffast.obj
Delphi\vc32\ZOBJ123\inflate.obj
Delphi\vc32\ZOBJ123\inftrees.obj
Delphi\vc32\ZOBJ123\minigzip.obj
Delphi\vc32\ZOBJ123\trees.obj
Delphi\vc32\ZOBJ123\uncompr.obj
Delphi\vc32\ZOBJ123\zutil.obj

cpp\Internet\Bcb2007\OverbyteIcsBcb110Sam.groupproj
cpp\Internet\Bcb2007\OverbyteIcsHttpTst.cbproj
cpp\Internet\Bcb2007\OverbyteIcsHttpTst.cpp
cpp\Internet\Bcb2007\OverbyteIcsHttpTst.res
cpp\Internet\OverbyteIcsHttpTst1.cpp
cpp\Internet\OverbyteIcsHttpTst1.dfm
cpp\Internet\OverbyteIcsHttpTst1.h

ReadMeIcsSsl.txt
IcsSslHowTo.txt
Default.dof

Delphi\Vc32\OverbyteIcsSslBcb100Package.bdsproj
Delphi\Vc32\OverbyteIcsSslBcb100Package.cpp
Delphi\Vc32\OverbyteIcsSslBcb100Package.res
Delphi\Vc32\OverbyteIcsSslDel100Package.bdsproj
Delphi\Vc32\OverbyteIcsSslDel100Package.dpk
Delphi\Vc32\OverbyteIcsSslDel100Package.res
Delphi\Vc32\OverbyteIcsSslDel110Package.dproj
Delphi\Vc32\OverbyteIcsSslDel110Package.dpk
Delphi\Vc32\OverbyteIcsSslDel110Package.res
Delphi\Vc32\OverbyteIcsSslDel70.dpk
Delphi\Vc32\OverbyteIcsSslDel70.res

Delphi\vc32\OverbyteIcsLIBEAY.pas
Delphi\vc32\OverbyteIcsLibeayEx.pas
Delphi\vc32\OverbyteIcsSSLEAY.pas
Delphi\vc32\OverbyteIcsSslSessionCache.pas
Delphi\vc32\OverbyteIcsSslSessionCache.dcr
Delphi\vc32\OverbyteIcsSslThrdLock.pas
Delphi\vc32\OverbyteIcsSslThrdLock.dcr
Delphi\vc32\OverbyteIcsSslDefs.inc

Delphi\SslInternet\SslCerts\IcsSslBuildCerts.bat
Delphi\SslInternet\SslCerts\openssl.conf

Delphi\SslInternet\Server.pem
Delphi\SslInternet\01key.pem
Delphi\SslInternet\cacert.pem
Delphi\SslInternet\client.pem
Delphi\SslInternet\root.pem
Delphi\SslInternet\01cert.pem
Delphi\SslInternet\TrustedCABundle.pem
Delphi\SslInternet\TrustedCaStore\6F6359FC.0

Delphi\SslInternet\OverByteIcsSslDel100Sam.bdsgroup
Delphi\SslInternet\OverByteIcsSslDel110Sam.groupproj
Delphi\SslInternet\OverbyteIcsSslDel70Sam.bpg

Delphi\SslInternet\OverbyteIcsHttpsTst.bdsproj
Delphi\SslInternet\OverbyteIcsHttpsTst.dproj
Delphi\SslInternet\OverbyteIcsHttpsTst.dpr
Delphi\SslInternet\OverbyteIcsHttpsTst.dof
Delphi\SslInternet\OverbyteIcsHttpsTst1.dfm
Delphi\SslInternet\OverbyteIcsHttpsTst1.pas
Delphi\SslInternet\OverbyteIcsCliCertDlg.dfm
Delphi\SslInternet\OverbyteIcsCliCertDlg.pas

Delphi\SslInternet\OverbyteIcsHttpsServer.bdsproj
Delphi\SslInternet\OverbyteIcsHttpsServer.dproj
Delphi\SslInternet\OverbyteIcsHttpsServer.dpr
Delphi\SslInternet\OverbyteIcsHttpsServer.dof
Delphi\SslInternet\OverbyteIcsHttpsServer1.dfm
Delphi\SslInternet\OverbyteIcsHttpsServer1.pas

Delphi\SslInternet\OverbyteIcsSslWebServ.bdsproj
Delphi\SslInternet\OverbyteIcsSslWebServ.dproj
Delphi\SslInternet\OverbyteIcsSslWebServ.dpr
Delphi\SslInternet\OverbyteIcsSslWebServ.dof
Delphi\SslInternet\OverbyteIcsSslWebServ1.dfm
Delphi\SslInternet\OverbyteIcsSslWebServ1.pas

Delphi\SslInternet\OverbyteIcsSimpleSslCli.bdsproj
Delphi\SslInternet\OverbyteIcsSimpleSslCli.dproj
Delphi\SslInternet\OverbyteIcsSimpleSslCli.dpr
Delphi\SslInternet\OverbyteIcsSimpleSslCli.dof
Delphi\SslInternet\OverbyteIcsSimpleSslCli1.dfm
Delphi\SslInternet\OverbyteIcsSimpleSslCli1.pas

Delphi\SslInternet\OverbyteIcsSslFtpTst.bdsproj
Delphi\SslInternet\OverbyteIcsSslFtpTst.dproj
Delphi\SslInternet\OverbyteIcsSslFtpTst.dpr
Delphi\SslInternet\OverbyteIcsSslFtpTst.dof
Delphi\SslInternet\OverbyteIcsSslFtpTst1.dfm
Delphi\SslInternet\OverbyteIcsSslFtpTst1.pas
Delphi\SslInternet\OverbyteIcsSslFtpTst2.dfm
Delphi\SslInternet\OverbyteIcsSslFtpTst2.pas

Delphi\SslInternet\OverbyteIcsSslFtpServ.bdsproj
Delphi\SslInternet\OverbyteIcsSslFtpServ.dproj
Delphi\SslInternet\OverbyteIcsSslFtpServ.dpr
Delphi\SslInternet\OverbyteIcsSslFtpServ.dof
Delphi\SslInternet\OverbyteIcsSslFtpServ1.dfm
Delphi\SslInternet\OverbyteIcsSslFtpServ1.pas

Delphi\SslInternet\OverbyteIcsSslMailSnd.bdsproj
Delphi\SslInternet\OverbyteIcsSslMailSnd.dproj
Delphi\SslInternet\OverbyteIcsSslMailSnd.dpr
Delphi\SslInternet\OverbyteIcsSslMailSnd.dof
Delphi\SslInternet\OverbyteIcsSslMailSnd1.dfm
Delphi\SslInternet\OverbyteIcsSslMailSnd1.pas

Delphi\SslInternet\OverbyteIcsSslNewsRdr.bdsproj
Delphi\SslInternet\OverbyteIcsSslNewsRdr.dproj
Delphi\SslInternet\OverbyteIcsSslNewsRdr.dpr
Delphi\SslInternet\OverbyteIcsSslNewsRdr.dof
Delphi\SslInternet\OverbyteIcsSslNewsRdr1.dfm
Delphi\SslInternet\OverbyteIcsSslNewsRdr1.pas

Delphi\SslInternet\OverbyteIcsSimpleSslServer.bdsproj
Delphi\SslInternet\OverbyteIcsSimpleSslServer.dproj
Delphi\SslInternet\OverbyteIcsSimpleSslServer.dpr
Delphi\SslInternet\OverbyteIcsSimpleSslServer.dof
Delphi\SslInternet\OverbyteIcsSimpleSslServer1.dfm
Delphi\SslInternet\OverbyteIcsSimpleSslServer1.pas

Delphi\SslInternet\OverbyteIcsPemTool.dproj
Delphi\SslInternet\OverbyteIcsPemTool.dpr
Delphi\SslInternet\OverbyteIcsPemTool.dof
Delphi\SslInternet\OverbyteIcsPemTool1.dfm
Delphi\SslInternet\OverbyteIcsPemTool1.pas
Delphi\SslInternet\OverbyteIcsPemTool2.pas
Delphi\SslInternet\OverbyteIcsPemTool2.dfm
Delphi\SslInternet\OverbyteIcsPemTool3.pas
Delphi\SslInternet\OverbyteIcsPemTool3.dfm
Delphi\SslInternet\Wcrypt2.pas
Delphi\SslInternet\OverbyteIcsSslX509Utils.pas
